Using pre-set license
Built from '2022.3/china_unity/release' branch; Version is '2022.3.30f1c1 (a6dc00fbe362) revision 10935296'; Using compiler version '192829333'; Build Type 'Release'
OS: 'Windows 11  (10.0.26200) 64bit Professional' Language: 'zh' Physical Memory: 15613 MB
BatchMode: 1, IsHumanControllingUs: 0, StartBugReporterOnCrash: 0, Is64bit: 1, IsPro: 1

COMMAND LINE ARGUMENTS:
C:\Apps\Unity Hub\Unity\Hub\Editor\2022.3.30f1c1\Editor\Unity.exe
-adb2
-batchMode
-noUpm
-name
AssetImportWorker5
-projectPath
F:/Unity/Projects/24.10.3ExtremeWorld/Src/Client
-logFile
Logs/AssetImportWorker5.log
-srvPort
57941
Successfully changed project path to: F:/Unity/Projects/24.10.3ExtremeWorld/Src/Client
F:/Unity/Projects/24.10.3ExtremeWorld/Src/Client
[UnityMemory] Configuration Parameters - Can be set up in boot.config
    "memorysetup-bucket-allocator-granularity=16"
    "memorysetup-bucket-allocator-bucket-count=8"
    "memorysetup-bucket-allocator-block-size=33554432"
    "memorysetup-bucket-allocator-block-count=8"
    "memorysetup-main-allocator-block-size=16777216"
    "memorysetup-thread-allocator-block-size=16777216"
    "memorysetup-gfx-main-allocator-block-size=16777216"
    "memorysetup-gfx-thread-allocator-block-size=16777216"
    "memorysetup-cache-allocator-block-size=4194304"
    "memorysetup-typetree-allocator-block-size=2097152"
    "memorysetup-profiler-bucket-allocator-granularity=16"
    "memorysetup-profiler-bucket-allocator-bucket-count=8"
    "memorysetup-profiler-bucket-allocator-block-size=33554432"
    "memorysetup-profiler-bucket-allocator-block-count=8"
    "memorysetup-profiler-allocator-block-size=16777216"
    "memorysetup-profiler-editor-allocator-block-size=1048576"
    "memorysetup-temp-allocator-size-main=16777216"
    "memorysetup-job-temp-allocator-block-size=2097152"
    "memorysetup-job-temp-allocator-block-size-background=1048576"
    "memorysetup-job-temp-allocator-reduction-small-platforms=262144"
    "memorysetup-allocator-temp-initial-block-size-main=262144"
    "memorysetup-allocator-temp-initial-block-size-worker=262144"
    "memorysetup-temp-allocator-size-background-worker=32768"
    "memorysetup-temp-allocator-size-job-worker=262144"
    "memorysetup-temp-allocator-size-preload-manager=33554432"
    "memorysetup-temp-allocator-size-nav-mesh-worker=65536"
    "memorysetup-temp-allocator-size-audio-worker=65536"
    "memorysetup-temp-allocator-size-cloud-worker=32768"
    "memorysetup-temp-allocator-size-gi-baking-worker=262144"
    "memorysetup-temp-allocator-size-gfx=262144"
Player connection [6092] Host "[IP] 192.168.145.1 [Port] 0 [Flags] 2 [Guid] 2127650548 [EditorId] 2127650548 [Version] 1048832 [Id] WindowsEditor(7,LAPTOP-H7TM5C4L) [Debug] 1 [PackageName] WindowsEditor [ProjectName] Editor" joined multi-casting on [225.0.0.222:54997]...

Player connection [6092] Host "[IP] 192.168.145.1 [Port] 0 [Flags] 2 [Guid] 2127650548 [EditorId] 2127650548 [Version] 1048832 [Id] WindowsEditor(7,LAPTOP-H7TM5C4L) [Debug] 1 [PackageName] WindowsEditor [ProjectName] Editor" joined alternative multi-casting on [225.0.0.222:34997]...

[Physics::Module] Initialized MultithreadedJobDispatcher with 15 workers.
Refreshing native plugins compatible for Editor in 67.34 ms, found 2 plugins.
Preloading 0 native plugins for Editor in 0.00 ms.
Initialize engine version: 2022.3.30f1c1 (a6dc00fbe362)
[Subsystems] Discovering subsystems at path C:/Apps/Unity Hub/Unity/Hub/Editor/2022.3.30f1c1/Editor/Data/Resources/UnitySubsystems
[Subsystems] Discovering subsystems at path F:/Unity/Projects/24.10.3ExtremeWorld/Src/Client/Assets
GfxDevice: creating device client; threaded=0; jobified=0
Direct3D:
    Version:  Direct3D 11.0 [level 11.1]
    Renderer: NVIDIA GeForce RTX 3060 Laptop GPU (ID=0x2520)
    Vendor:   NVIDIA
    VRAM:     5994 MB
    Driver:   32.0.15.9174
Initialize mono
Mono path[0] = 'C:/Apps/Unity Hub/Unity/Hub/Editor/2022.3.30f1c1/Editor/Data/Managed'
Mono path[1] = 'C:/Apps/Unity Hub/Unity/Hub/Editor/2022.3.30f1c1/Editor/Data/MonoBleedingEdge/lib/mono/unityjit-win32'
Mono config path = 'C:/Apps/Unity Hub/Unity/Hub/Editor/2022.3.30f1c1/Editor/Data/MonoBleedingEdge/etc'
Using monoOptions --debugger-agent=transport=dt_socket,embedding=1,server=y,suspend=n,address=127.0.0.1:56188
Begin MonoManager ReloadAssembly
Registering precompiled unity dll's ...
Register platform support module: C:/Apps/Unity Hub/Unity/Hub/Editor/2022.3.30f1c1/Editor/Data/PlaybackEngines/AndroidPlayer/UnityEditor.Android.Extensions.dll
Register platform support module: C:/Apps/Unity Hub/Unity/Hub/Editor/2022.3.30f1c1/Editor/Data/PlaybackEngines/WindowsStandaloneSupport/UnityEditor.WindowsStandalone.Extensions.dll
Registered in 0.015919 seconds.
- Loaded All Assemblies, in  0.359 seconds
Native extension for WindowsStandalone target not found
Native extension for Android target not found
Android Extension - Scanning For ADB Devices 367 ms
Mono: successfully reloaded assembly
- Finished resetting the current domain, in  0.707 seconds
Domain Reload Profiling: 1061ms
	BeginReloadAssembly (111ms)
		ExecutionOrderSort (0ms)
		DisableScriptedObjects (0ms)
		BackupInstance (0ms)
		ReleaseScriptingObjects (0ms)
		CreateAndSetChildDomain (1ms)
	RebuildCommonClasses (30ms)
	RebuildNativeTypeToScriptingClass (10ms)
	initialDomainReloadingComplete (76ms)
	LoadAllAssembliesAndSetupDomain (128ms)
		LoadAssemblies (105ms)
		RebuildTransferFunctionScriptingTraits (0ms)
		AnalyzeDomain (126ms)
			TypeCache.Refresh (125ms)
				TypeCache.ScanAssembly (113ms)
			ScanForSourceGeneratedMonoScriptInfo (0ms)
			ResolveRequiredComponents (0ms)
	FinalizeReload (707ms)
		ReleaseScriptCaches (0ms)
		RebuildScriptCaches (0ms)
		SetupLoadedEditorAssemblies (652ms)
			LogAssemblyErrors (0ms)
			InitializePlatformSupportModulesInManaged (476ms)
			SetLoadedEditorAssemblies (4ms)
			RefreshPlugins (0ms)
			BeforeProcessingInitializeOnLoad (3ms)
			ProcessInitializeOnLoadAttributes (124ms)
			ProcessInitializeOnLoadMethodAttributes (45ms)
			AfterProcessingInitializeOnLoad (0ms)
			EditorAssembliesLoaded (0ms)
		ExecutionOrderSort2 (0ms)
		AwakeInstancesAfterBackupRestoration (0ms)
========================================================================
Worker process is ready to serve import requests
Begin MonoManager ReloadAssembly
Duplicate assembly 'log4net.dll' with different versions detected, using 'Assets/References/log4net.dll, AssemblyName=log4net, Version=2.0.8.0, Culture=neutral, PublicKeyToken=null' and ignoring 'Packages/com.unity.collab-proxy/Lib/Editor/PlasticSCM/log4netPlastic.dll, AssemblyName=log4net, Version=1.2.15.0, Culture=neutral, PublicKeyToken=669e0ddf0bb1aa2a'.Duplicate assembly 'Newtonsoft.Json.dll' with different versions detected, using 'Packages/com.unity.nuget.newtonsoft-json/Runtime/Newtonsoft.Json.dll, AssemblyName=Newtonsoft.Json, Version=13.0.0.0, Culture=neutral, PublicKeyToken=30ad4fe6b2a6aeed' and ignoring 'Assets/JsonDotNet/Assemblies/Standalone/Newtonsoft.Json.dll, AssemblyName=Newtonsoft.Json, Version=8.0.0.0, Culture=neutral, PublicKeyToken=null'.Symbol file LoadedFromMemory is not a mono symbol file
Symbol file LoadedFromMemory is not a mono symbol file
Symbol file LoadedFromMemory is not a mono symbol file
- Loaded All Assemblies, in  0.853 seconds
Refreshing native plugins compatible for Editor in 37.55 ms, found 2 plugins.
Native extension for WindowsStandalone target not found
Native extension for Android target not found
Package Manager log level set to [2]
[Package Manager] Server::EnsureServerProcessIsRunning -- launch failed, reason: Unity was launched with the -noUpm command-line argument
[Package Manager] UpmClient::Send -- Unable to send message (not connected to UPM process).
[Package Manager] Cannot connect to Unity Package Manager local server
Mono: successfully reloaded assembly
- Finished resetting the current domain, in  1.002 seconds
Domain Reload Profiling: 1837ms
	BeginReloadAssembly (151ms)
		ExecutionOrderSort (0ms)
		DisableScriptedObjects (5ms)
		BackupInstance (0ms)
		ReleaseScriptingObjects (0ms)
		CreateAndSetChildDomain (26ms)
	RebuildCommonClasses (33ms)
	RebuildNativeTypeToScriptingClass (9ms)
	initialDomainReloadingComplete (61ms)
	LoadAllAssembliesAndSetupDomain (580ms)
		LoadAssemblies (524ms)
		RebuildTransferFunctionScriptingTraits (0ms)
		AnalyzeDomain (141ms)
			TypeCache.Refresh (118ms)
				TypeCache.ScanAssembly (91ms)
			ScanForSourceGeneratedMonoScriptInfo (19ms)
			ResolveRequiredComponents (3ms)
	FinalizeReload (1003ms)
		ReleaseScriptCaches (0ms)
		RebuildScriptCaches (0ms)
		SetupLoadedEditorAssemblies (857ms)
			LogAssemblyErrors (0ms)
			InitializePlatformSupportModulesInManaged (36ms)
			SetLoadedEditorAssemblies (4ms)
			RefreshPlugins (0ms)
			BeforeProcessingInitializeOnLoad (121ms)
			ProcessInitializeOnLoadAttributes (521ms)
			ProcessInitializeOnLoadMethodAttributes (161ms)
			AfterProcessingInitializeOnLoad (14ms)
			EditorAssembliesLoaded (0ms)
		ExecutionOrderSort2 (0ms)
		AwakeInstancesAfterBackupRestoration (7ms)
Launched and connected shader compiler UnityShaderCompiler.exe after 0.06 seconds
Refreshing native plugins compatible for Editor in 38.29 ms, found 2 plugins.
Preloading 0 native plugins for Editor in 0.00 ms.
Unloading 2744 Unused Serialized files (Serialized files now loaded: 0)
Unloading 73 unused Assets / (398.6 KB). Loaded Objects now: 3207.
Memory consumption went from 144.4 MB to 144.0 MB.
Total: 8.855000 ms (FindLiveObjects: 0.261000 ms CreateObjectMapping: 0.198600 ms MarkObjects: 8.034400 ms  DeleteObjects: 0.359600 ms)

AssetImportParameters requested are different than current active one (requested -> active):
  custom:video-decoder-webm-vp8: 9c59270c3fd7afecdb556c50c9e8de78 -> 
  custom:SearchIndexIgnoredProperties: e643bd26f0fe6173181afceb89e7c659 -> 
  custom:container-demuxer-ogg: 62fdf1f143b41e24485cea50d1cbac27 -> 
  custom:AudioImporter_EditorPlatform: d09bf68614088b80899f8185d706f6e7 -> 
  custom:video-codec-MediaFoundation-h265: 746d11721c4dcdbdad8f713fa42b33f4 -> 
  custom:video-decoder-ogg-theora: a1e56fd34408186e4bbccfd4996cb3dc -> 
  custom:framework-win-MediaFoundation: 216162199b28c13a410421893ffa2e32 -> 
  custom:video-encoder-webm-vp8: eb34c28f22e8b96e1ab97ce403110664 -> 
  custom:audio-decoder-ogg-vorbis: bf7c407c2cedff20999df2af8eb42d56 -> 
  custom:CustomObjectIndexerAttribute: 9a22284fe3817be447336de3de66b15e -> 
  custom:container-demuxer-webm: 4f35f7cbe854078d1ac9338744f61a02 -> 
  custom:audio-encoder-webm-vorbis: bf7c407c2cedff20999df2af8eb42d56 -> 
  custom:container-muxer-webm: aa71ff27fc2769a1b78a27578f13a17b -> 
========================================================================
Received Prepare
Begin MonoManager ReloadAssembly
Duplicate assembly 'log4net.dll' with different versions detected, using 'Assets/References/log4net.dll, AssemblyName=log4net, Version=2.0.8.0, Culture=neutral, PublicKeyToken=null' and ignoring 'Packages/com.unity.collab-proxy/Lib/Editor/PlasticSCM/log4netPlastic.dll, AssemblyName=log4net, Version=1.2.15.0, Culture=neutral, PublicKeyToken=669e0ddf0bb1aa2a'.Duplicate assembly 'Newtonsoft.Json.dll' with different versions detected, using 'Packages/com.unity.nuget.newtonsoft-json/Runtime/Newtonsoft.Json.dll, AssemblyName=Newtonsoft.Json, Version=13.0.0.0, Culture=neutral, PublicKeyToken=30ad4fe6b2a6aeed' and ignoring 'Assets/JsonDotNet/Assemblies/Standalone/Newtonsoft.Json.dll, AssemblyName=Newtonsoft.Json, Version=8.0.0.0, Culture=neutral, PublicKeyToken=null'.Symbol file LoadedFromMemory is not a mono symbol file
Symbol file LoadedFromMemory is not a mono symbol file
Symbol file LoadedFromMemory is not a mono symbol file
- Loaded All Assemblies, in  0.778 seconds
Refreshing native plugins compatible for Editor in 47.52 ms, found 2 plugins.
Native extension for WindowsStandalone target not found
Native extension for Android target not found
[Package Manager] Server::EnsureServerProcessIsRunning -- launch failed, reason: Unity was launched with the -noUpm command-line argument
[Package Manager] UpmClient::Send -- Unable to send message (not connected to UPM process).
[Package Manager] Cannot connect to Unity Package Manager local server
Mono: successfully reloaded assembly
- Finished resetting the current domain, in  2.324 seconds
Domain Reload Profiling: 3086ms
	BeginReloadAssembly (175ms)
		ExecutionOrderSort (0ms)
		DisableScriptedObjects (5ms)
		BackupInstance (0ms)
		ReleaseScriptingObjects (0ms)
		CreateAndSetChildDomain (45ms)
	RebuildCommonClasses (30ms)
	RebuildNativeTypeToScriptingClass (10ms)
	initialDomainReloadingComplete (48ms)
	LoadAllAssembliesAndSetupDomain (498ms)
		LoadAssemblies (567ms)
		RebuildTransferFunctionScriptingTraits (0ms)
		AnalyzeDomain (14ms)
			TypeCache.Refresh (7ms)
				TypeCache.ScanAssembly (0ms)
			ScanForSourceGeneratedMonoScriptInfo (0ms)
			ResolveRequiredComponents (5ms)
	FinalizeReload (2324ms)
		ReleaseScriptCaches (0ms)
		RebuildScriptCaches (0ms)
		SetupLoadedEditorAssemblies (1028ms)
			LogAssemblyErrors (0ms)
			InitializePlatformSupportModulesInManaged (44ms)
			SetLoadedEditorAssemblies (6ms)
			RefreshPlugins (0ms)
			BeforeProcessingInitializeOnLoad (146ms)
			ProcessInitializeOnLoadAttributes (616ms)
			ProcessInitializeOnLoadMethodAttributes (195ms)
			AfterProcessingInitializeOnLoad (20ms)
			EditorAssembliesLoaded (1ms)
		ExecutionOrderSort2 (0ms)
		AwakeInstancesAfterBackupRestoration (8ms)
Refreshing native plugins compatible for Editor in 36.50 ms, found 2 plugins.
Preloading 0 native plugins for Editor in 0.00 ms.
Unloading 2705 Unused Serialized files (Serialized files now loaded: 0)
Unloading 62 unused Assets / (395.8 KB). Loaded Objects now: 3210.
Memory consumption went from 134.7 MB to 134.3 MB.
Total: 8.849700 ms (FindLiveObjects: 0.243400 ms CreateObjectMapping: 0.265300 ms MarkObjects: 7.944500 ms  DeleteObjects: 0.395300 ms)

Prepare: number of updated asset objects reloaded= 0
AssetImportParameters requested are different than current active one (requested -> active):
  custom:video-decoder-webm-vp8: 9c59270c3fd7afecdb556c50c9e8de78 -> 
  custom:SearchIndexIgnoredProperties: e643bd26f0fe6173181afceb89e7c659 -> 
  custom:container-demuxer-ogg: 62fdf1f143b41e24485cea50d1cbac27 -> 
  custom:AudioImporter_EditorPlatform: d09bf68614088b80899f8185d706f6e7 -> 
  custom:video-codec-MediaFoundation-h265: 746d11721c4dcdbdad8f713fa42b33f4 -> 
  custom:video-decoder-ogg-theora: a1e56fd34408186e4bbccfd4996cb3dc -> 
  custom:framework-win-MediaFoundation: 216162199b28c13a410421893ffa2e32 -> 
  custom:video-encoder-webm-vp8: eb34c28f22e8b96e1ab97ce403110664 -> 
  custom:audio-decoder-ogg-vorbis: bf7c407c2cedff20999df2af8eb42d56 -> 
  custom:CustomObjectIndexerAttribute: 9a22284fe3817be447336de3de66b15e -> 
  custom:container-demuxer-webm: 4f35f7cbe854078d1ac9338744f61a02 -> 
  custom:audio-encoder-webm-vorbis: bf7c407c2cedff20999df2af8eb42d56 -> 
  custom:container-muxer-webm: aa71ff27fc2769a1b78a27578f13a17b -> 
========================================================================
Received Prepare
Begin MonoManager ReloadAssembly
Duplicate assembly 'log4net.dll' with different versions detected, using 'Assets/References/log4net.dll, AssemblyName=log4net, Version=2.0.8.0, Culture=neutral, PublicKeyToken=null' and ignoring 'Packages/com.unity.collab-proxy/Lib/Editor/PlasticSCM/log4netPlastic.dll, AssemblyName=log4net, Version=1.2.15.0, Culture=neutral, PublicKeyToken=669e0ddf0bb1aa2a'.Duplicate assembly 'Newtonsoft.Json.dll' with different versions detected, using 'Packages/com.unity.nuget.newtonsoft-json/Runtime/Newtonsoft.Json.dll, AssemblyName=Newtonsoft.Json, Version=13.0.0.0, Culture=neutral, PublicKeyToken=30ad4fe6b2a6aeed' and ignoring 'Assets/JsonDotNet/Assemblies/Standalone/Newtonsoft.Json.dll, AssemblyName=Newtonsoft.Json, Version=8.0.0.0, Culture=neutral, PublicKeyToken=null'.Symbol file LoadedFromMemory is not a mono symbol file
Symbol file LoadedFromMemory is not a mono symbol file
Symbol file LoadedFromMemory is not a mono symbol file
- Loaded All Assemblies, in  0.762 seconds
Refreshing native plugins compatible for Editor in 51.64 ms, found 2 plugins.
Native extension for WindowsStandalone target not found
Native extension for Android target not found
[Package Manager] Server::EnsureServerProcessIsRunning -- launch failed, reason: Unity was launched with the -noUpm command-line argument
[Package Manager] UpmClient::Send -- Unable to send message (not connected to UPM process).
[Package Manager] Cannot connect to Unity Package Manager local server
Mono: successfully reloaded assembly
- Finished resetting the current domain, in  2.150 seconds
Domain Reload Profiling: 2895ms
	BeginReloadAssembly (168ms)
		ExecutionOrderSort (0ms)
		DisableScriptedObjects (5ms)
		BackupInstance (0ms)
		ReleaseScriptingObjects (0ms)
		CreateAndSetChildDomain (39ms)
	RebuildCommonClasses (30ms)
	RebuildNativeTypeToScriptingClass (11ms)
	initialDomainReloadingComplete (47ms)
	LoadAllAssembliesAndSetupDomain (488ms)
		LoadAssemblies (551ms)
		RebuildTransferFunctionScriptingTraits (0ms)
		AnalyzeDomain (18ms)
			TypeCache.Refresh (9ms)
				TypeCache.ScanAssembly (0ms)
			ScanForSourceGeneratedMonoScriptInfo (0ms)
			ResolveRequiredComponents (7ms)
	FinalizeReload (2151ms)
		ReleaseScriptCaches (0ms)
		RebuildScriptCaches (0ms)
		SetupLoadedEditorAssemblies (1074ms)
			LogAssemblyErrors (0ms)
			InitializePlatformSupportModulesInManaged (44ms)
			SetLoadedEditorAssemblies (6ms)
			RefreshPlugins (0ms)
			BeforeProcessingInitializeOnLoad (147ms)
			ProcessInitializeOnLoadAttributes (668ms)
			ProcessInitializeOnLoadMethodAttributes (191ms)
			AfterProcessingInitializeOnLoad (17ms)
			EditorAssembliesLoaded (0ms)
		ExecutionOrderSort2 (0ms)
		AwakeInstancesAfterBackupRestoration (10ms)
Refreshing native plugins compatible for Editor in 47.51 ms, found 2 plugins.
Preloading 0 native plugins for Editor in 0.00 ms.
Unloading 2705 Unused Serialized files (Serialized files now loaded: 0)
Unloading 62 unused Assets / (363.4 KB). Loaded Objects now: 3213.
Memory consumption went from 134.7 MB to 134.3 MB.
Total: 9.342000 ms (FindLiveObjects: 0.264100 ms CreateObjectMapping: 0.190800 ms MarkObjects: 8.445800 ms  DeleteObjects: 0.439800 ms)

Prepare: number of updated asset objects reloaded= 0
AssetImportParameters requested are different than current active one (requested -> active):
  custom:video-decoder-webm-vp8: 9c59270c3fd7afecdb556c50c9e8de78 -> 
  custom:SearchIndexIgnoredProperties: e643bd26f0fe6173181afceb89e7c659 -> 
  custom:container-demuxer-ogg: 62fdf1f143b41e24485cea50d1cbac27 -> 
  custom:AudioImporter_EditorPlatform: d09bf68614088b80899f8185d706f6e7 -> 
  custom:video-codec-MediaFoundation-h265: 746d11721c4dcdbdad8f713fa42b33f4 -> 
  custom:video-decoder-ogg-theora: a1e56fd34408186e4bbccfd4996cb3dc -> 
  custom:framework-win-MediaFoundation: 216162199b28c13a410421893ffa2e32 -> 
  custom:video-encoder-webm-vp8: eb34c28f22e8b96e1ab97ce403110664 -> 
  custom:audio-decoder-ogg-vorbis: bf7c407c2cedff20999df2af8eb42d56 -> 
  custom:CustomObjectIndexerAttribute: 9a22284fe3817be447336de3de66b15e -> 
  custom:container-demuxer-webm: 4f35f7cbe854078d1ac9338744f61a02 -> 
  custom:audio-encoder-webm-vorbis: bf7c407c2cedff20999df2af8eb42d56 -> 
  custom:container-muxer-webm: aa71ff27fc2769a1b78a27578f13a17b -> 
========================================================================
Received Import Request.
  Time since last request: 7918.752200 seconds.
  path: Assets/Models/Characters/newArcher/fbx/Archer_AtkA.FBX
  artifactKey: Guid(fd786cf6f5369d44eaff3ff6ac788477) Importer(815301076,1909f56bfc062723c751e8b465ee728b)
Start importing Assets/Models/Characters/newArcher/fbx/Archer_AtkA.FBX using Guid(fd786cf6f5369d44eaff3ff6ac788477) Importer(815301076,1909f56bfc062723c751e8b465ee728b)  -> (artifact id: '62c1e3bdb297118611fb02a92a31fa0d') in 0.030578 seconds
Number of updated asset objects reloaded before import = 0
Number of asset objects unloaded after import = 95
========================================================================
Received Import Request.
  Time since last request: 0.003362 seconds.
  path: Assets/Models/Characters/newArcher/fbx/Archer_Death.FBX
  artifactKey: Guid(02b9741cd86d8494f9b9fd43e3bfd597) Importer(815301076,1909f56bfc062723c751e8b465ee728b)
Start importing Assets/Models/Characters/newArcher/fbx/Archer_Death.FBX using Guid(02b9741cd86d8494f9b9fd43e3bfd597) Importer(815301076,1909f56bfc062723c751e8b465ee728b)  -> (artifact id: 'bc4449be306fe3af0fd5ef8fdecbdcfe') in 0.006504 seconds
Number of updated asset objects reloaded before import = 0
Number of asset objects unloaded after import = 159
========================================================================
Received Import Request.
  Time since last request: 0.024315 seconds.
  path: Assets/Models/Characters/Archer/newfbx/Archer_Idle.FBX
  artifactKey: Guid(1a89bfa361ef71040a0b198486b10a07) Importer(815301076,1909f56bfc062723c751e8b465ee728b)
Start importing Assets/Models/Characters/Archer/newfbx/Archer_Idle.FBX using Guid(1a89bfa361ef71040a0b198486b10a07) Importer(815301076,1909f56bfc062723c751e8b465ee728b)  -> (artifact id: '856ec02a149a06041af63332730bd807') in 0.006770 seconds
Number of updated asset objects reloaded before import = 0
Number of asset objects unloaded after import = 127
========================================================================
Received Import Request.
  Time since last request: 0.000017 seconds.
  path: Assets/Models/Characters/newArcher/fbx/Archer_Hurt.FBX
  artifactKey: Guid(9fb30ce996ee2414189660a519d60748) Importer(815301076,1909f56bfc062723c751e8b465ee728b)
Start importing Assets/Models/Characters/newArcher/fbx/Archer_Hurt.FBX using Guid(9fb30ce996ee2414189660a519d60748) Importer(815301076,1909f56bfc062723c751e8b465ee728b)  -> (artifact id: 'd1e5871ded6acfe6d6cf3669030e41fe') in 0.004532 seconds
Number of updated asset objects reloaded before import = 0
Number of asset objects unloaded after import = 159
========================================================================
Received Import Request.
  Time since last request: 0.000017 seconds.
  path: Assets/Models/Characters/newArcher/fbx/Archer_Move_Left.FBX
  artifactKey: Guid(afff544b6d220894f86e9ef3173d7ea1) Importer(815301076,1909f56bfc062723c751e8b465ee728b)
Start importing Assets/Models/Characters/newArcher/fbx/Archer_Move_Left.FBX using Guid(afff544b6d220894f86e9ef3173d7ea1) Importer(815301076,1909f56bfc062723c751e8b465ee728b)  -> (artifact id: '4d46e3f9201061526828577839cf8e6d') in 0.005442 seconds
Number of updated asset objects reloaded before import = 0
Number of asset objects unloaded after import = 159
========================================================================
Received Import Request.
  Time since last request: 0.000017 seconds.
  path: Assets/Models/Characters/newArcher/fbx/Archer_Ride_Move.FBX
  artifactKey: Guid(4949152ad88558846b8a44d193faff8a) Importer(815301076,1909f56bfc062723c751e8b465ee728b)
Start importing Assets/Models/Characters/newArcher/fbx/Archer_Ride_Move.FBX using Guid(4949152ad88558846b8a44d193faff8a) Importer(815301076,1909f56bfc062723c751e8b465ee728b)  -> (artifact id: '4bc2e55c3de95e1d3939806ddc4347c8') in 0.005413 seconds
Number of updated asset objects reloaded before import = 0
Number of asset objects unloaded after import = 127
========================================================================
Received Import Request.
  Time since last request: 0.000016 seconds.
  path: Assets/Models/Characters/newArcher/fbx/Archer_SkillC.FBX
  artifactKey: Guid(dcd33b97e256c31419d49ff1a9df533c) Importer(815301076,1909f56bfc062723c751e8b465ee728b)
Start importing Assets/Models/Characters/newArcher/fbx/Archer_SkillC.FBX using Guid(dcd33b97e256c31419d49ff1a9df533c) Importer(815301076,1909f56bfc062723c751e8b465ee728b)  -> (artifact id: 'ff282026f3316e60a07c5257b64fa011') in 0.006511 seconds
Number of updated asset objects reloaded before import = 0
Number of asset objects unloaded after import = 95
========================================================================
Received Import Request.
  Time since last request: 0.000018 seconds.
  path: Assets/Models/Characters/Archer/newfbx/Archer_SkillC.FBX
  artifactKey: Guid(1825cb676502c1b419b5307908233af7) Importer(815301076,1909f56bfc062723c751e8b465ee728b)
Start importing Assets/Models/Characters/Archer/newfbx/Archer_SkillC.FBX using Guid(1825cb676502c1b419b5307908233af7) Importer(815301076,1909f56bfc062723c751e8b465ee728b)  -> (artifact id: 'bcc29a82a412f203edc60dd6d24c6314') in 0.005508 seconds
Number of updated asset objects reloaded before import = 0
Number of asset objects unloaded after import = 95
========================================================================
Received Import Request.
  Time since last request: 0.000018 seconds.
  path: Assets/Models/Characters/Archer/fbx/Archer_Idle.FBX
  artifactKey: Guid(59f9f2113dbdcd747893dc8cb2b71410) Importer(815301076,1909f56bfc062723c751e8b465ee728b)
Start importing Assets/Models/Characters/Archer/fbx/Archer_Idle.FBX using Guid(59f9f2113dbdcd747893dc8cb2b71410) Importer(815301076,1909f56bfc062723c751e8b465ee728b)  -> (artifact id: 'd2331c54fe39c1deef3888d5267ebb47') in 0.005158 seconds
Number of updated asset objects reloaded before import = 0
Number of asset objects unloaded after import = 127
========================================================================
Received Import Request.
  Time since last request: 0.000017 seconds.
  path: Assets/Models/Characters/Archer/newfbx/Archer_Ride_Move.FBX
  artifactKey: Guid(c35b9523add5f3943af6186d981b65a4) Importer(815301076,1909f56bfc062723c751e8b465ee728b)
Start importing Assets/Models/Characters/Archer/newfbx/Archer_Ride_Move.FBX using Guid(c35b9523add5f3943af6186d981b65a4) Importer(815301076,1909f56bfc062723c751e8b465ee728b)  -> (artifact id: '5706ba9cc9a8290fc2239d7cefc201ef') in 0.005387 seconds
Number of updated asset objects reloaded before import = 0
Number of asset objects unloaded after import = 127
========================================================================
Received Import Request.
  Time since last request: 0.000016 seconds.
  path: Assets/Models/Characters/Archer/fbx/Archer_Ride_Move.FBX
  artifactKey: Guid(3fd89db52c081d34fbe9698e3779d750) Importer(815301076,1909f56bfc062723c751e8b465ee728b)
Start importing Assets/Models/Characters/Archer/fbx/Archer_Ride_Move.FBX using Guid(3fd89db52c081d34fbe9698e3779d750) Importer(815301076,1909f56bfc062723c751e8b465ee728b)  -> (artifact id: '668fce174d548119962c5d1241a6db2d') in 0.005024 seconds
Number of updated asset objects reloaded before import = 0
Number of asset objects unloaded after import = 127
========================================================================
Received Import Request.
  Time since last request: 0.000014 seconds.
  path: Assets/Models/Characters/newArcher/fbx/Archer_Jump.FBX
  artifactKey: Guid(8b3cc5d8252374c4a89a58b6c7e18809) Importer(815301076,1909f56bfc062723c751e8b465ee728b)
Start importing Assets/Models/Characters/newArcher/fbx/Archer_Jump.FBX using Guid(8b3cc5d8252374c4a89a58b6c7e18809) Importer(815301076,1909f56bfc062723c751e8b465ee728b)  -> (artifact id: 'b1fbfcf4b6be7ac4b5892e010586f13d') in 0.006308 seconds
Number of updated asset objects reloaded before import = 0
Number of asset objects unloaded after import = 159
========================================================================
Received Import Request.
  Time since last request: 0.000014 seconds.
  path: Assets/Models/Characters/Archer/newfbx/Archer_SkillA.FBX
  artifactKey: Guid(d8c80269d16084a459b534eb6a8d8c40) Importer(815301076,1909f56bfc062723c751e8b465ee728b)
Start importing Assets/Models/Characters/Archer/newfbx/Archer_SkillA.FBX using Guid(d8c80269d16084a459b534eb6a8d8c40) Importer(815301076,1909f56bfc062723c751e8b465ee728b)  -> (artifact id: 'a376dba50de8e4053364a8013ca285d3') in 0.005181 seconds
Number of updated asset objects reloaded before import = 0
Number of asset objects unloaded after import = 125
========================================================================
Received Import Request.
  Time since last request: 0.000017 seconds.
  path: Assets/Models/Characters/newArcher/fbx/Archer_Move_Right.FBX
  artifactKey: Guid(14c30288606b02f42a67e3449fb2095f) Importer(815301076,1909f56bfc062723c751e8b465ee728b)
Start importing Assets/Models/Characters/newArcher/fbx/Archer_Move_Right.FBX using Guid(14c30288606b02f42a67e3449fb2095f) Importer(815301076,1909f56bfc062723c751e8b465ee728b)  -> (artifact id: '8353f2106a8c2c4d596aee3442307ead') in 0.005301 seconds
Number of updated asset objects reloaded before import = 0
Number of asset objects unloaded after import = 159
========================================================================
Received Import Request.
  Time since last request: 0.000018 seconds.
  path: Assets/Models/Characters/newArcher/fbx/Archer_Move_Forward.FBX
  artifactKey: Guid(465d9c5a1611d6a41ab89ff19f41d21e) Importer(815301076,1909f56bfc062723c751e8b465ee728b)
Start importing Assets/Models/Characters/newArcher/fbx/Archer_Move_Forward.FBX using Guid(465d9c5a1611d6a41ab89ff19f41d21e) Importer(815301076,1909f56bfc062723c751e8b465ee728b)  -> (artifact id: 'fedf6a57762189642f9a55f5ccfb0d45') in 0.005563 seconds
Number of updated asset objects reloaded before import = 0
Number of asset objects unloaded after import = 159
========================================================================
Received Import Request.
  Time since last request: 0.000017 seconds.
  path: Assets/Models/Characters/Archer/newfbx/Archer_Ride_Idle.FBX
  artifactKey: Guid(eaf49468792312b4d9b84eb112ad8592) Importer(815301076,1909f56bfc062723c751e8b465ee728b)
Start importing Assets/Models/Characters/Archer/newfbx/Archer_Ride_Idle.FBX using Guid(eaf49468792312b4d9b84eb112ad8592) Importer(815301076,1909f56bfc062723c751e8b465ee728b)  -> (artifact id: 'a7ab43ad4cf7179168d087bd387b173b') in 0.004949 seconds
Number of updated asset objects reloaded before import = 0
Number of asset objects unloaded after import = 127
========================================================================
Received Import Request.
  Time since last request: 0.000024 seconds.
  path: Assets/Models/Characters/newArcher/fbx/Archer_Move_Back.FBX
  artifactKey: Guid(3d5c0b5cd19ad6f41a58d2a8348d9a43) Importer(815301076,1909f56bfc062723c751e8b465ee728b)
Start importing Assets/Models/Characters/newArcher/fbx/Archer_Move_Back.FBX using Guid(3d5c0b5cd19ad6f41a58d2a8348d9a43) Importer(815301076,1909f56bfc062723c751e8b465ee728b)  -> (artifact id: '80b10d1297278647a5ff04a42b9934f2') in 0.005631 seconds
Number of updated asset objects reloaded before import = 0
Number of asset objects unloaded after import = 159
========================================================================
Received Import Request.
  Time since last request: 0.670485 seconds.
  path: Assets/Levels/Map03/Models/building_city_jiaotangxiaozhuzi.FBX
  artifactKey: Guid(a8b37161d8fbbdc448000d31f35ce13f) Importer(815301076,1909f56bfc062723c751e8b465ee728b)
Start importing Assets/Levels/Map03/Models/building_city_jiaotangxiaozhuzi.FBX using Guid(a8b37161d8fbbdc448000d31f35ce13f) Importer(815301076,1909f56bfc062723c751e8b465ee728b)  -> (artifact id: '247286919e0c6ab66fdee4971a630f65') in 0.083861 seconds
Number of updated asset objects reloaded before import = 0
Number of asset objects unloaded after import = 9
========================================================================
Received Import Request.
  Time since last request: 0.000027 seconds.
  path: Assets/Models/NPCs/DeliveryNPC/DeliveryNPC.FBX
  artifactKey: Guid(9ea876935e736414db918e535012bd24) Importer(815301076,1909f56bfc062723c751e8b465ee728b)
Start importing Assets/Models/NPCs/DeliveryNPC/DeliveryNPC.FBX using Guid(9ea876935e736414db918e535012bd24) Importer(815301076,1909f56bfc062723c751e8b465ee728b)  -> (artifact id: '718f3625f3600b20f079de52c2c07846') in 0.151898 seconds
Number of updated asset objects reloaded before import = 0
Number of asset objects unloaded after import = 98
========================================================================
Received Import Request.
  Time since last request: 0.102033 seconds.
  path: Assets/Levels/Arena/FBX/JJC01_04.FBX
  artifactKey: Guid(cbfe9fc8483b798458bfbbaccb9dda7c) Importer(815301076,1909f56bfc062723c751e8b465ee728b)
Start importing Assets/Levels/Arena/FBX/JJC01_04.FBX using Guid(cbfe9fc8483b798458bfbbaccb9dda7c) Importer(815301076,1909f56bfc062723c751e8b465ee728b)  -> (artifact id: 'd23173eaea394c6565d8705e2087ca4d') in 0.022231 seconds
Number of updated asset objects reloaded before import = 0
Number of asset objects unloaded after import = 12
========================================================================
Received Import Request.
  Time since last request: 0.000024 seconds.
  path: Assets/Levels/Arena/FBX/JJC03_02.FBX
  artifactKey: Guid(76ec6fe16de84834f86991def4587790) Importer(815301076,1909f56bfc062723c751e8b465ee728b)
Start importing Assets/Levels/Arena/FBX/JJC03_02.FBX using Guid(76ec6fe16de84834f86991def4587790) Importer(815301076,1909f56bfc062723c751e8b465ee728b)  -> (artifact id: '35fd379be2eda80f783e2b76c362c762') in 0.019852 seconds
Number of updated asset objects reloaded before import = 0
Number of asset objects unloaded after import = 12
========================================================================
Received Import Request.
  Time since last request: 0.000034 seconds.
  path: Assets/Levels/Arena/FBX/JJC01_05.FBX
  artifactKey: Guid(9c64ca708bd1e744e904264bd620c693) Importer(815301076,1909f56bfc062723c751e8b465ee728b)
Start importing Assets/Levels/Arena/FBX/JJC01_05.FBX using Guid(9c64ca708bd1e744e904264bd620c693) Importer(815301076,1909f56bfc062723c751e8b465ee728b)  -> (artifact id: 'fdc7430912a5078b9d72c15464f45429') in 0.019167 seconds
Number of updated asset objects reloaded before import = 0
Number of asset objects unloaded after import = 12
========================================================================
Received Import Request.
  Time since last request: 0.036819 seconds.
  path: Assets/Levels/Arena/FBX/JJC03_04.FBX
  artifactKey: Guid(993ca3c5f28fe584d9978db13d50032d) Importer(815301076,1909f56bfc062723c751e8b465ee728b)
Start importing Assets/Levels/Arena/FBX/JJC03_04.FBX using Guid(993ca3c5f28fe584d9978db13d50032d) Importer(815301076,1909f56bfc062723c751e8b465ee728b)  -> (artifact id: 'f388290af1b25d85c65a685f8713b2c9') in 0.020153 seconds
Number of updated asset objects reloaded before import = 0
Number of asset objects unloaded after import = 12
========================================================================
Received Import Request.
  Time since last request: 0.000024 seconds.
  path: Assets/Levels/Arena/FBX/JJC04_01.FBX
  artifactKey: Guid(7953e9deab668f54991f14210f11242b) Importer(815301076,1909f56bfc062723c751e8b465ee728b)
Start importing Assets/Levels/Arena/FBX/JJC04_01.FBX using Guid(7953e9deab668f54991f14210f11242b) Importer(815301076,1909f56bfc062723c751e8b465ee728b)  -> (artifact id: 'f980fbb911a8200a1fbd3dc9e6ff8729') in 0.023327 seconds
Number of updated asset objects reloaded before import = 0
Number of asset objects unloaded after import = 12
========================================================================
Received Import Request.
  Time since last request: 0.000022 seconds.
  path: Assets/Levels/Arena/FBX/JJC03_05.FBX
  artifactKey: Guid(f9fba9ec022c6ad48b89c636fd68ec3a) Importer(815301076,1909f56bfc062723c751e8b465ee728b)
Start importing Assets/Levels/Arena/FBX/JJC03_05.FBX using Guid(f9fba9ec022c6ad48b89c636fd68ec3a) Importer(815301076,1909f56bfc062723c751e8b465ee728b)  -> (artifact id: '48447d652e8f2e65e3261155a1dcb15c') in 0.021687 seconds
Number of updated asset objects reloaded before import = 0
Number of asset objects unloaded after import = 12
========================================================================
Received Import Request.
  Time since last request: 0.000028 seconds.
  path: Assets/Levels/Arena/FBX/JJC04_02.FBX
  artifactKey: Guid(55f2063b6d0b7e24482bb496f1e896b3) Importer(815301076,1909f56bfc062723c751e8b465ee728b)
Start importing Assets/Levels/Arena/FBX/JJC04_02.FBX using Guid(55f2063b6d0b7e24482bb496f1e896b3) Importer(815301076,1909f56bfc062723c751e8b465ee728b)  -> (artifact id: '8442468cd684296a29a9b5a31bac5134') in 0.020885 seconds
Number of updated asset objects reloaded before import = 0
Number of asset objects unloaded after import = 12
========================================================================
Received Import Request.
  Time since last request: 0.000025 seconds.
  path: Assets/Models/Monsters/M1001/Fbx/M1001_Death.FBX
  artifactKey: Guid(168c3cb3aefe9b6429f9b7d2875851bd) Importer(815301076,1909f56bfc062723c751e8b465ee728b)
Start importing Assets/Models/Monsters/M1001/Fbx/M1001_Death.FBX using Guid(168c3cb3aefe9b6429f9b7d2875851bd) Importer(815301076,1909f56bfc062723c751e8b465ee728b)  -> (artifact id: 'd7f31bce3f410f4b9192c31dd0720eec') in 0.007228 seconds
Number of updated asset objects reloaded before import = 0
Number of asset objects unloaded after import = 97
========================================================================
Received Import Request.
  Time since last request: 0.000020 seconds.
  path: Assets/Levels/Arena/FBX/JJC03.FBX
  artifactKey: Guid(360565ec2b7658448ba6121c311e61c8) Importer(815301076,1909f56bfc062723c751e8b465ee728b)
Start importing Assets/Levels/Arena/FBX/JJC03.FBX using Guid(360565ec2b7658448ba6121c311e61c8) Importer(815301076,1909f56bfc062723c751e8b465ee728b)  -> (artifact id: '78d44d67e2635817c97c02e1fc9ba730') in 0.021099 seconds
Number of updated asset objects reloaded before import = 0
Number of asset objects unloaded after import = 12
========================================================================
Received Import Request.
  Time since last request: 0.088825 seconds.
  path: Assets/Models/Monsters/M1001/Fbx/M1001_SkillA.FBX
  artifactKey: Guid(c586b5eea29e01f4ea08079e21b58dd0) Importer(815301076,1909f56bfc062723c751e8b465ee728b)
Start importing Assets/Models/Monsters/M1001/Fbx/M1001_SkillA.FBX using Guid(c586b5eea29e01f4ea08079e21b58dd0) Importer(815301076,1909f56bfc062723c751e8b465ee728b)  -> (artifact id: '1cecabf2a9b8f6df7bd49356e9787ef4') in 0.007318 seconds
Number of updated asset objects reloaded before import = 0
Number of asset objects unloaded after import = 97
========================================================================
Received Import Request.
  Time since last request: 0.000023 seconds.
  path: Assets/Models/Monsters/M1002/Fbx/M1002_Move_Forward.FBX
  artifactKey: Guid(1ba25c011749ddc44a69a440945553f5) Importer(815301076,1909f56bfc062723c751e8b465ee728b)
Start importing Assets/Models/Monsters/M1002/Fbx/M1002_Move_Forward.FBX using Guid(1ba25c011749ddc44a69a440945553f5) Importer(815301076,1909f56bfc062723c751e8b465ee728b)  -> (artifact id: '4da9ac33af0b810b91ad7307e248693c') in 0.038880 seconds
Number of updated asset objects reloaded before import = 0
Number of asset objects unloaded after import = 146
========================================================================
Received Import Request.
  Time since last request: 0.000019 seconds.
  path: Assets/Models/Monsters/M1002/Fbx/M1002_Death.FBX
  artifactKey: Guid(77b2fbce5458d8645b079a23183119e4) Importer(815301076,1909f56bfc062723c751e8b465ee728b)
Start importing Assets/Models/Monsters/M1002/Fbx/M1002_Death.FBX using Guid(77b2fbce5458d8645b079a23183119e4) Importer(815301076,1909f56bfc062723c751e8b465ee728b)  -> (artifact id: '122034d24d436bd9c9fc564bc7f61487') in 0.037157 seconds
Number of updated asset objects reloaded before import = 0
Number of asset objects unloaded after import = 146
========================================================================
Received Import Request.
  Time since last request: 0.007552 seconds.
  path: Assets/Models/Monsters/M1002/Fbx/M1002_SkillA.FBX
  artifactKey: Guid(016967c4713ee204daf4d0b05196346d) Importer(815301076,1909f56bfc062723c751e8b465ee728b)
Start importing Assets/Models/Monsters/M1002/Fbx/M1002_SkillA.FBX using Guid(016967c4713ee204daf4d0b05196346d) Importer(815301076,1909f56bfc062723c751e8b465ee728b)  -> (artifact id: 'cd878e7a171cc5ea23c3837b3cb23cad') in 0.034061 seconds
Number of updated asset objects reloaded before import = 0
Number of asset objects unloaded after import = 146
========================================================================
Received Import Request.
  Time since last request: 0.000023 seconds.
  path: Assets/Models/Monsters/M1002/Fbx/M1002_TestB.FBX
  artifactKey: Guid(a642a00cff16c1f41a2504b19f3ac126) Importer(815301076,1909f56bfc062723c751e8b465ee728b)
Start importing Assets/Models/Monsters/M1002/Fbx/M1002_TestB.FBX using Guid(a642a00cff16c1f41a2504b19f3ac126) Importer(815301076,1909f56bfc062723c751e8b465ee728b)  -> (artifact id: '0ee319990797108b56d073c38d4342d5') in 0.006743 seconds
Number of updated asset objects reloaded before import = 0
Number of asset objects unloaded after import = 77
========================================================================
Received Import Request.
  Time since last request: 0.000017 seconds.
  path: Assets/Models/Monsters/M1002/Fbx/M1002_TestA.FBX
  artifactKey: Guid(34c6cdd419c4eb1468ba2eb1a0c2e5c5) Importer(815301076,1909f56bfc062723c751e8b465ee728b)
Start importing Assets/Models/Monsters/M1002/Fbx/M1002_TestA.FBX using Guid(34c6cdd419c4eb1468ba2eb1a0c2e5c5) Importer(815301076,1909f56bfc062723c751e8b465ee728b)  -> (artifact id: '821e2e1637935ee04211cb2c6120910d') in 0.007029 seconds
Number of updated asset objects reloaded before import = 0
Number of asset objects unloaded after import = 77
========================================================================
Received Import Request.
  Time since last request: 0.000023 seconds.
  path: Assets/Models/Monsters/M1002/M1002.FBX
  artifactKey: Guid(ddd3f0c9b3c173747a9ee48057e34fe5) Importer(815301076,1909f56bfc062723c751e8b465ee728b)
Start importing Assets/Models/Monsters/M1002/M1002.FBX using Guid(ddd3f0c9b3c173747a9ee48057e34fe5) Importer(815301076,1909f56bfc062723c751e8b465ee728b)  -> (artifact id: '224fea4ee1e20226f06072c5be9ec3ce') in 0.033927 seconds
Number of updated asset objects reloaded before import = 0
Number of asset objects unloaded after import = 146
========================================================================
Received Import Request.
  Time since last request: 0.000025 seconds.
  path: Assets/Models/Monsters/M1003/fbx/M1003_AtkB.FBX
  artifactKey: Guid(6c76da019676ad644bd60935039075d5) Importer(815301076,1909f56bfc062723c751e8b465ee728b)
Start importing Assets/Models/Monsters/M1003/fbx/M1003_AtkB.FBX using Guid(6c76da019676ad644bd60935039075d5) Importer(815301076,1909f56bfc062723c751e8b465ee728b)  -> (artifact id: '997a7b7faa69eaf228937ef2cf8aa1c7') in 0.059298 seconds
Number of updated asset objects reloaded before import = 0
Number of asset objects unloaded after import = 139
Editor requested this worker to shutdown with reason: Scaling down because of idle timeout
TcpMessagingSession - receive error: operation aborted. errorcode: 995, details: 由于线程退出或应用程序请求，已中止 I/O 操作。
AssetImportWorker is now disconnected from the server
Process exiting
Exiting without the bug reporter. Application will terminate with return code 0