Using pre-set license
Built from '2022.3/china_unity/release' branch; Version is '2022.3.30f1c1 (a6dc00fbe362) revision 10935296'; Using compiler version '192829333'; Build Type 'Release'
OS: 'Windows 11  (10.0.26200) 64bit Professional' Language: 'zh' Physical Memory: 15613 MB
BatchMode: 1, IsHumanControllingUs: 0, StartBugReporterOnCrash: 0, Is64bit: 1, IsPro: 1

COMMAND LINE ARGUMENTS:
C:\Apps\Unity Hub\Unity\Hub\Editor\2022.3.30f1c1\Editor\Unity.exe
-adb2
-batchMode
-noUpm
-name
AssetImportWorker4
-projectPath
F:/Unity/Projects/24.10.3ExtremeWorld/Src/Client
-logFile
Logs/AssetImportWorker4.log
-srvPort
57941
Successfully changed project path to: F:/Unity/Projects/24.10.3ExtremeWorld/Src/Client
F:/Unity/Projects/24.10.3ExtremeWorld/Src/Client
[UnityMemory] Configuration Parameters - Can be set up in boot.config
    "memorysetup-bucket-allocator-granularity=16"
    "memorysetup-bucket-allocator-bucket-count=8"
    "memorysetup-bucket-allocator-block-size=33554432"
    "memorysetup-bucket-allocator-block-count=8"
    "memorysetup-main-allocator-block-size=16777216"
    "memorysetup-thread-allocator-block-size=16777216"
    "memorysetup-gfx-main-allocator-block-size=16777216"
    "memorysetup-gfx-thread-allocator-block-size=16777216"
    "memorysetup-cache-allocator-block-size=4194304"
    "memorysetup-typetree-allocator-block-size=2097152"
    "memorysetup-profiler-bucket-allocator-granularity=16"
    "memorysetup-profiler-bucket-allocator-bucket-count=8"
    "memorysetup-profiler-bucket-allocator-block-size=33554432"
    "memorysetup-profiler-bucket-allocator-block-count=8"
    "memorysetup-profiler-allocator-block-size=16777216"
    "memorysetup-profiler-editor-allocator-block-size=1048576"
    "memorysetup-temp-allocator-size-main=16777216"
    "memorysetup-job-temp-allocator-block-size=2097152"
    "memorysetup-job-temp-allocator-block-size-background=1048576"
    "memorysetup-job-temp-allocator-reduction-small-platforms=262144"
    "memorysetup-allocator-temp-initial-block-size-main=262144"
    "memorysetup-allocator-temp-initial-block-size-worker=262144"
    "memorysetup-temp-allocator-size-background-worker=32768"
    "memorysetup-temp-allocator-size-job-worker=262144"
    "memorysetup-temp-allocator-size-preload-manager=33554432"
    "memorysetup-temp-allocator-size-nav-mesh-worker=65536"
    "memorysetup-temp-allocator-size-audio-worker=65536"
    "memorysetup-temp-allocator-size-cloud-worker=32768"
    "memorysetup-temp-allocator-size-gi-baking-worker=262144"
    "memorysetup-temp-allocator-size-gfx=262144"
Player connection [31012] Host "[IP] 192.168.145.1 [Port] 0 [Flags] 2 [Guid] 510828465 [EditorId] 510828465 [Version] 1048832 [Id] WindowsEditor(7,LAPTOP-H7TM5C4L) [Debug] 1 [PackageName] WindowsEditor [ProjectName] Editor" joined multi-casting on [225.0.0.222:54997]...

Player connection [31012] Host "[IP] 192.168.145.1 [Port] 0 [Flags] 2 [Guid] 510828465 [EditorId] 510828465 [Version] 1048832 [Id] WindowsEditor(7,LAPTOP-H7TM5C4L) [Debug] 1 [PackageName] WindowsEditor [ProjectName] Editor" joined alternative multi-casting on [225.0.0.222:34997]...

[Physics::Module] Initialized MultithreadedJobDispatcher with 15 workers.
Refreshing native plugins compatible for Editor in 68.20 ms, found 2 plugins.
Preloading 0 native plugins for Editor in 0.00 ms.
Initialize engine version: 2022.3.30f1c1 (a6dc00fbe362)
[Subsystems] Discovering subsystems at path C:/Apps/Unity Hub/Unity/Hub/Editor/2022.3.30f1c1/Editor/Data/Resources/UnitySubsystems
[Subsystems] Discovering subsystems at path F:/Unity/Projects/24.10.3ExtremeWorld/Src/Client/Assets
GfxDevice: creating device client; threaded=0; jobified=0
Direct3D:
    Version:  Direct3D 11.0 [level 11.1]
    Renderer: NVIDIA GeForce RTX 3060 Laptop GPU (ID=0x2520)
    Vendor:   NVIDIA
    VRAM:     5994 MB
    Driver:   32.0.15.9174
Initialize mono
Mono path[0] = 'C:/Apps/Unity Hub/Unity/Hub/Editor/2022.3.30f1c1/Editor/Data/Managed'
Mono path[1] = 'C:/Apps/Unity Hub/Unity/Hub/Editor/2022.3.30f1c1/Editor/Data/MonoBleedingEdge/lib/mono/unityjit-win32'
Mono config path = 'C:/Apps/Unity Hub/Unity/Hub/Editor/2022.3.30f1c1/Editor/Data/MonoBleedingEdge/etc'
Using monoOptions --debugger-agent=transport=dt_socket,embedding=1,server=y,suspend=n,address=127.0.0.1:56568
Begin MonoManager ReloadAssembly
Registering precompiled unity dll's ...
Register platform support module: C:/Apps/Unity Hub/Unity/Hub/Editor/2022.3.30f1c1/Editor/Data/PlaybackEngines/AndroidPlayer/UnityEditor.Android.Extensions.dll
Register platform support module: C:/Apps/Unity Hub/Unity/Hub/Editor/2022.3.30f1c1/Editor/Data/PlaybackEngines/WindowsStandaloneSupport/UnityEditor.WindowsStandalone.Extensions.dll
Registered in 0.017345 seconds.
- Loaded All Assemblies, in  0.365 seconds
Native extension for WindowsStandalone target not found
Native extension for Android target not found
Android Extension - Scanning For ADB Devices 367 ms
Mono: successfully reloaded assembly
- Finished resetting the current domain, in  0.695 seconds
Domain Reload Profiling: 1054ms
	BeginReloadAssembly (107ms)
		ExecutionOrderSort (0ms)
		DisableScriptedObjects (0ms)
		BackupInstance (0ms)
		ReleaseScriptingObjects (0ms)
		CreateAndSetChildDomain (1ms)
	RebuildCommonClasses (31ms)
	RebuildNativeTypeToScriptingClass (9ms)
	initialDomainReloadingComplete (78ms)
	LoadAllAssembliesAndSetupDomain (135ms)
		LoadAssemblies (102ms)
		RebuildTransferFunctionScriptingTraits (0ms)
		AnalyzeDomain (132ms)
			TypeCache.Refresh (130ms)
				TypeCache.ScanAssembly (119ms)
			ScanForSourceGeneratedMonoScriptInfo (0ms)
			ResolveRequiredComponents (0ms)
	FinalizeReload (695ms)
		ReleaseScriptCaches (0ms)
		RebuildScriptCaches (0ms)
		SetupLoadedEditorAssemblies (639ms)
			LogAssemblyErrors (0ms)
			InitializePlatformSupportModulesInManaged (476ms)
			SetLoadedEditorAssemblies (4ms)
			RefreshPlugins (0ms)
			BeforeProcessingInitializeOnLoad (2ms)
			ProcessInitializeOnLoadAttributes (113ms)
			ProcessInitializeOnLoadMethodAttributes (43ms)
			AfterProcessingInitializeOnLoad (0ms)
			EditorAssembliesLoaded (0ms)
		ExecutionOrderSort2 (0ms)
		AwakeInstancesAfterBackupRestoration (0ms)
========================================================================
Worker process is ready to serve import requests
Begin MonoManager ReloadAssembly
Duplicate assembly 'log4net.dll' with different versions detected, using 'Assets/References/log4net.dll, AssemblyName=log4net, Version=2.0.8.0, Culture=neutral, PublicKeyToken=null' and ignoring 'Packages/com.unity.collab-proxy/Lib/Editor/PlasticSCM/log4netPlastic.dll, AssemblyName=log4net, Version=1.2.15.0, Culture=neutral, PublicKeyToken=669e0ddf0bb1aa2a'.Duplicate assembly 'Newtonsoft.Json.dll' with different versions detected, using 'Packages/com.unity.nuget.newtonsoft-json/Runtime/Newtonsoft.Json.dll, AssemblyName=Newtonsoft.Json, Version=13.0.0.0, Culture=neutral, PublicKeyToken=30ad4fe6b2a6aeed' and ignoring 'Assets/JsonDotNet/Assemblies/Standalone/Newtonsoft.Json.dll, AssemblyName=Newtonsoft.Json, Version=8.0.0.0, Culture=neutral, PublicKeyToken=null'.Symbol file LoadedFromMemory is not a mono symbol file
Symbol file LoadedFromMemory is not a mono symbol file
Symbol file LoadedFromMemory is not a mono symbol file
- Loaded All Assemblies, in  0.850 seconds
Refreshing native plugins compatible for Editor in 41.67 ms, found 2 plugins.
Native extension for WindowsStandalone target not found
Native extension for Android target not found
Package Manager log level set to [2]
[Package Manager] Server::EnsureServerProcessIsRunning -- launch failed, reason: Unity was launched with the -noUpm command-line argument
[Package Manager] UpmClient::Send -- Unable to send message (not connected to UPM process).
[Package Manager] Cannot connect to Unity Package Manager local server
Mono: successfully reloaded assembly
- Finished resetting the current domain, in  1.016 seconds
Domain Reload Profiling: 1847ms
	BeginReloadAssembly (146ms)
		ExecutionOrderSort (0ms)
		DisableScriptedObjects (6ms)
		BackupInstance (0ms)
		ReleaseScriptingObjects (0ms)
		CreateAndSetChildDomain (24ms)
	RebuildCommonClasses (33ms)
	RebuildNativeTypeToScriptingClass (11ms)
	initialDomainReloadingComplete (60ms)
	LoadAllAssembliesAndSetupDomain (580ms)
		LoadAssemblies (519ms)
		RebuildTransferFunctionScriptingTraits (0ms)
		AnalyzeDomain (143ms)
			TypeCache.Refresh (120ms)
				TypeCache.ScanAssembly (94ms)
			ScanForSourceGeneratedMonoScriptInfo (19ms)
			ResolveRequiredComponents (3ms)
	FinalizeReload (1017ms)
		ReleaseScriptCaches (0ms)
		RebuildScriptCaches (0ms)
		SetupLoadedEditorAssemblies (864ms)
			LogAssemblyErrors (0ms)
			InitializePlatformSupportModulesInManaged (32ms)
			SetLoadedEditorAssemblies (4ms)
			RefreshPlugins (0ms)
			BeforeProcessingInitializeOnLoad (116ms)
			ProcessInitializeOnLoadAttributes (545ms)
			ProcessInitializeOnLoadMethodAttributes (154ms)
			AfterProcessingInitializeOnLoad (13ms)
			EditorAssembliesLoaded (0ms)
		ExecutionOrderSort2 (0ms)
		AwakeInstancesAfterBackupRestoration (7ms)
Launched and connected shader compiler UnityShaderCompiler.exe after 0.05 seconds
Refreshing native plugins compatible for Editor in 39.37 ms, found 2 plugins.
Preloading 0 native plugins for Editor in 0.00 ms.
Unloading 2744 Unused Serialized files (Serialized files now loaded: 0)
Unloading 73 unused Assets / (423.0 KB). Loaded Objects now: 3207.
Memory consumption went from 144.5 MB to 144.1 MB.
Total: 8.809900 ms (FindLiveObjects: 0.339300 ms CreateObjectMapping: 0.418800 ms MarkObjects: 7.564000 ms  DeleteObjects: 0.486300 ms)

AssetImportParameters requested are different than current active one (requested -> active):
  custom:video-decoder-webm-vp8: 9c59270c3fd7afecdb556c50c9e8de78 -> 
  custom:SearchIndexIgnoredProperties: e643bd26f0fe6173181afceb89e7c659 -> 
  custom:container-demuxer-ogg: 62fdf1f143b41e24485cea50d1cbac27 -> 
  custom:AudioImporter_EditorPlatform: d09bf68614088b80899f8185d706f6e7 -> 
  custom:video-codec-MediaFoundation-h265: 746d11721c4dcdbdad8f713fa42b33f4 -> 
  custom:video-decoder-ogg-theora: a1e56fd34408186e4bbccfd4996cb3dc -> 
  custom:framework-win-MediaFoundation: 216162199b28c13a410421893ffa2e32 -> 
  custom:video-encoder-webm-vp8: eb34c28f22e8b96e1ab97ce403110664 -> 
  custom:audio-decoder-ogg-vorbis: bf7c407c2cedff20999df2af8eb42d56 -> 
  custom:CustomObjectIndexerAttribute: 9a22284fe3817be447336de3de66b15e -> 
  custom:container-demuxer-webm: 4f35f7cbe854078d1ac9338744f61a02 -> 
  custom:audio-encoder-webm-vorbis: bf7c407c2cedff20999df2af8eb42d56 -> 
  custom:container-muxer-webm: aa71ff27fc2769a1b78a27578f13a17b -> 
========================================================================
Received Import Request.
  Time since last request: 6950.532700 seconds.
  path: Assets/Resources/Music
  artifactKey: Guid(0707ae1a0ddd13348abfd8f1ea2c6d9e) Importer(815301076,1909f56bfc062723c751e8b465ee728b)
Start importing Assets/Resources/Music using Guid(0707ae1a0ddd13348abfd8f1ea2c6d9e) Importer(815301076,1909f56bfc062723c751e8b465ee728b)  -> (artifact id: '96aa191a8faf5ebb77e01da94ee83560') in 0.008506 seconds
Number of updated asset objects reloaded before import = 0
Number of asset objects unloaded after import = 0
========================================================================
Received Import Request.
  Time since last request: 2.956821 seconds.
  path: Assets/Resources/Ride
  artifactKey: Guid(714e5c873e2c5e541a5c863d0d2fbee3) Importer(815301076,1909f56bfc062723c751e8b465ee728b)
Start importing Assets/Resources/Ride using Guid(714e5c873e2c5e541a5c863d0d2fbee3) Importer(815301076,1909f56bfc062723c751e8b465ee728b)  -> (artifact id: 'ba2b6c7163ff3dc28fd6eeac41f394fb') in 0.001259 seconds
Number of updated asset objects reloaded before import = 0
Number of asset objects unloaded after import = 0
========================================================================
Received Import Request.
  Time since last request: 0.439778 seconds.
  path: Assets/Resources/Sound
  artifactKey: Guid(91ca74448c4bd4745bc11a8d93b32c66) Importer(815301076,1909f56bfc062723c751e8b465ee728b)
Start importing Assets/Resources/Sound using Guid(91ca74448c4bd4745bc11a8d93b32c66) Importer(815301076,1909f56bfc062723c751e8b465ee728b)  -> (artifact id: 'f8f83951ff92be119ea0700da2f9eb28') in 0.000861 seconds
Number of updated asset objects reloaded before import = 0
Number of asset objects unloaded after import = 0
========================================================================
Received Import Request.
  Time since last request: 17.073422 seconds.
  path: Assets/Resources/OtherModel/Drop/New Animator Controller.controller
  artifactKey: Guid(d1c66301aca6a7848a42913de2428752) Importer(815301076,1909f56bfc062723c751e8b465ee728b)
Start importing Assets/Resources/OtherModel/Drop/New Animator Controller.controller using Guid(d1c66301aca6a7848a42913de2428752) Importer(815301076,1909f56bfc062723c751e8b465ee728b)  -> (artifact id: '474bf79015b67626cf9acaf900208df9') in 0.009343 seconds
Number of updated asset objects reloaded before import = 0
Number of asset objects unloaded after import = 1
========================================================================
Received Import Request.
  Time since last request: 738.054860 seconds.
  path: Assets/Resources/OtherModel/Drop/Drop.prefab
  artifactKey: Guid(1eda3b7cd55c1834195921ce589c61d7) Importer(815301076,1909f56bfc062723c751e8b465ee728b)
Start importing Assets/Resources/OtherModel/Drop/Drop.prefab using Guid(1eda3b7cd55c1834195921ce589c61d7) Importer(815301076,1909f56bfc062723c751e8b465ee728b) The Animator Controller (Sprite) you have used is not valid. Animations will not play
UnityEngine.StackTraceUtility:ExtractStackTrace ()
UnityEditor.EditorUtility:Internal_InstantiateRemoveAllNonAnimationComponentsSingle (UnityEngine.Object,UnityEngine.Vector3,UnityEngine.Quaternion)
UnityEditor.EditorUtility:InstantiateRemoveAllNonAnimationComponents (UnityEngine.Object,UnityEngine.Vector3,UnityEngine.Quaternion)
UnityEditor.EditorUtility:InstantiateForAnimatorPreview (UnityEngine.Object)
UnityEditor.GameObjectInspector/PreviewData:UpdateGameObject (UnityEngine.Object)
UnityEditor.GameObjectInspector/PreviewData:.ctor (UnityEngine.Object,bool)
UnityEditor.GameObjectInspector:GetPreviewData (bool)
UnityEditor.GameObjectInspector:RenderStaticPreview (string,UnityEngine.Object[],int,int)
UnityEditor.AssetPreviewUpdater:CreatePreview (UnityEngine.Object,UnityEngine.Object[],string,int,int)
UnityEditor.AssetPreviewUpdater:CreatePreviewForAsset (UnityEngine.Object,UnityEngine.Object[],string)

[E:\unity-git\Modules\Animation\Director\AnimatorControllerPlayable.cpp line 333]

 -> (artifact id: '112082bcfd19639f4e27c006f099c3a9') in 0.067526 seconds
Number of updated asset objects reloaded before import = 0
Number of asset objects unloaded after import = 11
========================================================================
Received Import Request.
  Time since last request: 5.647914 seconds.
  path: Assets/Resources/OtherModel/Drop/Sprite.controller
  artifactKey: Guid(843b1c06a6caaf84e8bbc6afc5b0dfcc) Importer(815301076,1909f56bfc062723c751e8b465ee728b)
Start importing Assets/Resources/OtherModel/Drop/Sprite.controller using Guid(843b1c06a6caaf84e8bbc6afc5b0dfcc) Importer(815301076,1909f56bfc062723c751e8b465ee728b)  -> (artifact id: 'a297e311a212b7693254bb9160a476e2') in 0.002219 seconds
Number of updated asset objects reloaded before import = 0
Number of asset objects unloaded after import = 1
========================================================================
Received Import Request.
  Time since last request: 33.959447 seconds.
  path: Assets/Resources/OtherModel/Drop/Idle.anim
  artifactKey: Guid(456c4edb4903b104a91a9b8b27430cbd) Importer(815301076,1909f56bfc062723c751e8b465ee728b)
Start importing Assets/Resources/OtherModel/Drop/Idle.anim using Guid(456c4edb4903b104a91a9b8b27430cbd) Importer(815301076,1909f56bfc062723c751e8b465ee728b)  -> (artifact id: '7121260fbe2c00cd5609e5772654e12d') in 0.002359 seconds
Number of updated asset objects reloaded before import = 0
Number of asset objects unloaded after import = 1
========================================================================
Received Import Request.
  Time since last request: 2.756708 seconds.
  path: Assets/Resources/OtherModel/Drop/Create.anim
  artifactKey: Guid(ac488fe680f94f74088c87587a5fe10c) Importer(815301076,1909f56bfc062723c751e8b465ee728b)
Start importing Assets/Resources/OtherModel/Drop/Create.anim using Guid(ac488fe680f94f74088c87587a5fe10c) Importer(815301076,1909f56bfc062723c751e8b465ee728b)  -> (artifact id: '8fee5d2671e96c3e2b3e3c65d0c5b6df') in 0.002344 seconds
Number of updated asset objects reloaded before import = 0
Number of asset objects unloaded after import = 1
========================================================================
Received Prepare
Begin MonoManager ReloadAssembly
Duplicate assembly 'log4net.dll' with different versions detected, using 'Assets/References/log4net.dll, AssemblyName=log4net, Version=2.0.8.0, Culture=neutral, PublicKeyToken=null' and ignoring 'Packages/com.unity.collab-proxy/Lib/Editor/PlasticSCM/log4netPlastic.dll, AssemblyName=log4net, Version=1.2.15.0, Culture=neutral, PublicKeyToken=669e0ddf0bb1aa2a'.Duplicate assembly 'Newtonsoft.Json.dll' with different versions detected, using 'Packages/com.unity.nuget.newtonsoft-json/Runtime/Newtonsoft.Json.dll, AssemblyName=Newtonsoft.Json, Version=13.0.0.0, Culture=neutral, PublicKeyToken=30ad4fe6b2a6aeed' and ignoring 'Assets/JsonDotNet/Assemblies/Standalone/Newtonsoft.Json.dll, AssemblyName=Newtonsoft.Json, Version=8.0.0.0, Culture=neutral, PublicKeyToken=null'.Symbol file LoadedFromMemory is not a mono symbol file
Symbol file LoadedFromMemory is not a mono symbol file
Symbol file LoadedFromMemory is not a mono symbol file
- Loaded All Assemblies, in  0.769 seconds
Refreshing native plugins compatible for Editor in 46.63 ms, found 2 plugins.
Native extension for WindowsStandalone target not found
Native extension for Android target not found
[Package Manager] Server::EnsureServerProcessIsRunning -- launch failed, reason: Unity was launched with the -noUpm command-line argument
[Package Manager] UpmClient::Send -- Unable to send message (not connected to UPM process).
[Package Manager] Cannot connect to Unity Package Manager local server
Mono: successfully reloaded assembly
- Finished resetting the current domain, in  2.329 seconds
Domain Reload Profiling: 3083ms
	BeginReloadAssembly (180ms)
		ExecutionOrderSort (0ms)
		DisableScriptedObjects (6ms)
		BackupInstance (0ms)
		ReleaseScriptingObjects (0ms)
		CreateAndSetChildDomain (47ms)
	RebuildCommonClasses (37ms)
	RebuildNativeTypeToScriptingClass (11ms)
	initialDomainReloadingComplete (47ms)
	LoadAllAssembliesAndSetupDomain (478ms)
		LoadAssemblies (551ms)
		RebuildTransferFunctionScriptingTraits (0ms)
		AnalyzeDomain (13ms)
			TypeCache.Refresh (6ms)
				TypeCache.ScanAssembly (0ms)
			ScanForSourceGeneratedMonoScriptInfo (0ms)
			ResolveRequiredComponents (5ms)
	FinalizeReload (2329ms)
		ReleaseScriptCaches (0ms)
		RebuildScriptCaches (0ms)
		SetupLoadedEditorAssemblies (1032ms)
			LogAssemblyErrors (0ms)
			InitializePlatformSupportModulesInManaged (42ms)
			SetLoadedEditorAssemblies (5ms)
			RefreshPlugins (0ms)
			BeforeProcessingInitializeOnLoad (149ms)
			ProcessInitializeOnLoadAttributes (619ms)
			ProcessInitializeOnLoadMethodAttributes (197ms)
			AfterProcessingInitializeOnLoad (19ms)
			EditorAssembliesLoaded (1ms)
		ExecutionOrderSort2 (0ms)
		AwakeInstancesAfterBackupRestoration (9ms)
Refreshing native plugins compatible for Editor in 46.02 ms, found 2 plugins.
Preloading 0 native plugins for Editor in 0.00 ms.
Unloading 2704 Unused Serialized files (Serialized files now loaded: 0)
Unloading 62 unused Assets / (396.3 KB). Loaded Objects now: 3217.
Memory consumption went from 134.7 MB to 134.3 MB.
Total: 7.660600 ms (FindLiveObjects: 0.253000 ms CreateObjectMapping: 0.159700 ms MarkObjects: 6.933300 ms  DeleteObjects: 0.313500 ms)

Prepare: number of updated asset objects reloaded= 0
AssetImportParameters requested are different than current active one (requested -> active):
  custom:video-decoder-webm-vp8: 9c59270c3fd7afecdb556c50c9e8de78 -> 
  custom:SearchIndexIgnoredProperties: e643bd26f0fe6173181afceb89e7c659 -> 
  custom:container-demuxer-ogg: 62fdf1f143b41e24485cea50d1cbac27 -> 
  custom:AudioImporter_EditorPlatform: d09bf68614088b80899f8185d706f6e7 -> 
  custom:video-codec-MediaFoundation-h265: 746d11721c4dcdbdad8f713fa42b33f4 -> 
  custom:video-decoder-ogg-theora: a1e56fd34408186e4bbccfd4996cb3dc -> 
  custom:framework-win-MediaFoundation: 216162199b28c13a410421893ffa2e32 -> 
  custom:video-encoder-webm-vp8: eb34c28f22e8b96e1ab97ce403110664 -> 
  custom:audio-decoder-ogg-vorbis: bf7c407c2cedff20999df2af8eb42d56 -> 
  custom:CustomObjectIndexerAttribute: 9a22284fe3817be447336de3de66b15e -> 
  custom:container-demuxer-webm: 4f35f7cbe854078d1ac9338744f61a02 -> 
  custom:audio-encoder-webm-vorbis: bf7c407c2cedff20999df2af8eb42d56 -> 
  custom:container-muxer-webm: aa71ff27fc2769a1b78a27578f13a17b -> 
========================================================================
Received Prepare
Begin MonoManager ReloadAssembly
Duplicate assembly 'log4net.dll' with different versions detected, using 'Assets/References/log4net.dll, AssemblyName=log4net, Version=2.0.8.0, Culture=neutral, PublicKeyToken=null' and ignoring 'Packages/com.unity.collab-proxy/Lib/Editor/PlasticSCM/log4netPlastic.dll, AssemblyName=log4net, Version=1.2.15.0, Culture=neutral, PublicKeyToken=669e0ddf0bb1aa2a'.Duplicate assembly 'Newtonsoft.Json.dll' with different versions detected, using 'Packages/com.unity.nuget.newtonsoft-json/Runtime/Newtonsoft.Json.dll, AssemblyName=Newtonsoft.Json, Version=13.0.0.0, Culture=neutral, PublicKeyToken=30ad4fe6b2a6aeed' and ignoring 'Assets/JsonDotNet/Assemblies/Standalone/Newtonsoft.Json.dll, AssemblyName=Newtonsoft.Json, Version=8.0.0.0, Culture=neutral, PublicKeyToken=null'.Symbol file LoadedFromMemory is not a mono symbol file
Symbol file LoadedFromMemory is not a mono symbol file
Symbol file LoadedFromMemory is not a mono symbol file
- Loaded All Assemblies, in  0.770 seconds
Refreshing native plugins compatible for Editor in 55.71 ms, found 2 plugins.
Native extension for WindowsStandalone target not found
Native extension for Android target not found
[Package Manager] Server::EnsureServerProcessIsRunning -- launch failed, reason: Unity was launched with the -noUpm command-line argument
[Package Manager] UpmClient::Send -- Unable to send message (not connected to UPM process).
[Package Manager] Cannot connect to Unity Package Manager local server
Mono: successfully reloaded assembly
- Finished resetting the current domain, in  2.148 seconds
Domain Reload Profiling: 2900ms
	BeginReloadAssembly (173ms)
		ExecutionOrderSort (0ms)
		DisableScriptedObjects (5ms)
		BackupInstance (0ms)
		ReleaseScriptingObjects (0ms)
		CreateAndSetChildDomain (44ms)
	RebuildCommonClasses (28ms)
	RebuildNativeTypeToScriptingClass (11ms)
	initialDomainReloadingComplete (51ms)
	LoadAllAssembliesAndSetupDomain (488ms)
		LoadAssemblies (555ms)
		RebuildTransferFunctionScriptingTraits (0ms)
		AnalyzeDomain (15ms)
			TypeCache.Refresh (8ms)
				TypeCache.ScanAssembly (0ms)
			ScanForSourceGeneratedMonoScriptInfo (0ms)
			ResolveRequiredComponents (5ms)
	FinalizeReload (2149ms)
		ReleaseScriptCaches (0ms)
		RebuildScriptCaches (0ms)
		SetupLoadedEditorAssemblies (1074ms)
			LogAssemblyErrors (0ms)
			InitializePlatformSupportModulesInManaged (48ms)
			SetLoadedEditorAssemblies (7ms)
			RefreshPlugins (0ms)
			BeforeProcessingInitializeOnLoad (152ms)
			ProcessInitializeOnLoadAttributes (661ms)
			ProcessInitializeOnLoadMethodAttributes (185ms)
			AfterProcessingInitializeOnLoad (20ms)
			EditorAssembliesLoaded (1ms)
		ExecutionOrderSort2 (0ms)
		AwakeInstancesAfterBackupRestoration (9ms)
Refreshing native plugins compatible for Editor in 44.83 ms, found 2 plugins.
Preloading 0 native plugins for Editor in 0.00 ms.
Unloading 2705 Unused Serialized files (Serialized files now loaded: 0)
Unloading 62 unused Assets / (372.2 KB). Loaded Objects now: 3220.
Memory consumption went from 135.0 MB to 134.6 MB.
Total: 9.569500 ms (FindLiveObjects: 0.230300 ms CreateObjectMapping: 0.190700 ms MarkObjects: 8.639300 ms  DeleteObjects: 0.507700 ms)

Prepare: number of updated asset objects reloaded= 0
AssetImportParameters requested are different than current active one (requested -> active):
  custom:video-decoder-webm-vp8: 9c59270c3fd7afecdb556c50c9e8de78 -> 
  custom:SearchIndexIgnoredProperties: e643bd26f0fe6173181afceb89e7c659 -> 
  custom:container-demuxer-ogg: 62fdf1f143b41e24485cea50d1cbac27 -> 
  custom:AudioImporter_EditorPlatform: d09bf68614088b80899f8185d706f6e7 -> 
  custom:video-codec-MediaFoundation-h265: 746d11721c4dcdbdad8f713fa42b33f4 -> 
  custom:video-decoder-ogg-theora: a1e56fd34408186e4bbccfd4996cb3dc -> 
  custom:framework-win-MediaFoundation: 216162199b28c13a410421893ffa2e32 -> 
  custom:video-encoder-webm-vp8: eb34c28f22e8b96e1ab97ce403110664 -> 
  custom:audio-decoder-ogg-vorbis: bf7c407c2cedff20999df2af8eb42d56 -> 
  custom:CustomObjectIndexerAttribute: 9a22284fe3817be447336de3de66b15e -> 
  custom:container-demuxer-webm: 4f35f7cbe854078d1ac9338744f61a02 -> 
  custom:audio-encoder-webm-vorbis: bf7c407c2cedff20999df2af8eb42d56 -> 
  custom:container-muxer-webm: aa71ff27fc2769a1b78a27578f13a17b -> 
========================================================================
Received Import Request.
  Time since last request: 167.220641 seconds.
  path: Assets/Models/Characters/Archer/newfbx/Archer_AtkA.FBX
  artifactKey: Guid(44629c9a9d25cbc47ae88256ed27a8d7) Importer(815301076,1909f56bfc062723c751e8b465ee728b)
Start importing Assets/Models/Characters/Archer/newfbx/Archer_AtkA.FBX using Guid(44629c9a9d25cbc47ae88256ed27a8d7) Importer(815301076,1909f56bfc062723c751e8b465ee728b)  -> (artifact id: '099ac14fa7c8925f4747f3aac0810ea5') in 0.030068 seconds
Number of updated asset objects reloaded before import = 0
Number of asset objects unloaded after import = 95
========================================================================
Received Import Request.
  Time since last request: 0.005112 seconds.
  path: Assets/Models/Characters/Archer/newfbx/Archer_AtkB.FBX
  artifactKey: Guid(813da245e53738b42a03ffaab3c1f1d1) Importer(815301076,1909f56bfc062723c751e8b465ee728b)
Start importing Assets/Models/Characters/Archer/newfbx/Archer_AtkB.FBX using Guid(813da245e53738b42a03ffaab3c1f1d1) Importer(815301076,1909f56bfc062723c751e8b465ee728b)  -> (artifact id: '288852cd33c38cb81bdc86d34d9e0583') in 0.005856 seconds
Number of updated asset objects reloaded before import = 0
Number of asset objects unloaded after import = 159
========================================================================
Received Import Request.
  Time since last request: 0.024811 seconds.
  path: Assets/Models/Characters/Archer/newfbx/Archer_Hurt.FBX
  artifactKey: Guid(4c9882f78aa655843a70b10d4e2433bc) Importer(815301076,1909f56bfc062723c751e8b465ee728b)
Start importing Assets/Models/Characters/Archer/newfbx/Archer_Hurt.FBX using Guid(4c9882f78aa655843a70b10d4e2433bc) Importer(815301076,1909f56bfc062723c751e8b465ee728b)  -> (artifact id: '4a9c0f468a5dd933ea6793c077178655') in 0.005825 seconds
Number of updated asset objects reloaded before import = 0
Number of asset objects unloaded after import = 159
========================================================================
Received Import Request.
  Time since last request: 0.000023 seconds.
  path: Assets/Models/Characters/Archer/newfbx/Archer_Move_Back.FBX
  artifactKey: Guid(acdf43c0580ccb64282587b8b39af905) Importer(815301076,1909f56bfc062723c751e8b465ee728b)
Start importing Assets/Models/Characters/Archer/newfbx/Archer_Move_Back.FBX using Guid(acdf43c0580ccb64282587b8b39af905) Importer(815301076,1909f56bfc062723c751e8b465ee728b)  -> (artifact id: 'df5ed7ceabb4daabb131f9e33eff0565') in 0.005668 seconds
Number of updated asset objects reloaded before import = 0
Number of asset objects unloaded after import = 159
========================================================================
Received Import Request.
  Time since last request: 0.000022 seconds.
  path: Assets/Models/Characters/Archer/newfbx/Archer_Jump.FBX
  artifactKey: Guid(0f388e34df09d0f4591ee6d0d8899310) Importer(815301076,1909f56bfc062723c751e8b465ee728b)
Start importing Assets/Models/Characters/Archer/newfbx/Archer_Jump.FBX using Guid(0f388e34df09d0f4591ee6d0d8899310) Importer(815301076,1909f56bfc062723c751e8b465ee728b)  -> (artifact id: 'a9b17b741c3bb1aab76c85f81198dbb1') in 0.005543 seconds
Number of updated asset objects reloaded before import = 0
Number of asset objects unloaded after import = 159
========================================================================
Received Import Request.
  Time since last request: 0.000015 seconds.
  path: Assets/Models/Characters/newArcher/fbx/Archer_SkillA.FBX
  artifactKey: Guid(2abb9425dd9dd5d4cae8ca72571aeb04) Importer(815301076,1909f56bfc062723c751e8b465ee728b)
Start importing Assets/Models/Characters/newArcher/fbx/Archer_SkillA.FBX using Guid(2abb9425dd9dd5d4cae8ca72571aeb04) Importer(815301076,1909f56bfc062723c751e8b465ee728b)  -> (artifact id: 'af02a4deef6cebf47f43bc699dc7ed74') in 0.005141 seconds
Number of updated asset objects reloaded before import = 0
Number of asset objects unloaded after import = 125
========================================================================
Received Import Request.
  Time since last request: 0.000017 seconds.
  path: Assets/Models/Characters/newArcher/fbx/Archer_SkillB.FBX
  artifactKey: Guid(92929b7036d9df543a717f5cb228d584) Importer(815301076,1909f56bfc062723c751e8b465ee728b)
Start importing Assets/Models/Characters/newArcher/fbx/Archer_SkillB.FBX using Guid(92929b7036d9df543a717f5cb228d584) Importer(815301076,1909f56bfc062723c751e8b465ee728b)  -> (artifact id: 'c08319a80e421392714cc5db34011e4d') in 0.005702 seconds
Number of updated asset objects reloaded before import = 0
Number of asset objects unloaded after import = 125
========================================================================
Received Import Request.
  Time since last request: 0.000015 seconds.
  path: Assets/Models/Characters/Archer/fbx/Archer_SkillC.FBX
  artifactKey: Guid(0df28e62bbdb78a498f9dc40a66405d4) Importer(815301076,1909f56bfc062723c751e8b465ee728b)
Start importing Assets/Models/Characters/Archer/fbx/Archer_SkillC.FBX using Guid(0df28e62bbdb78a498f9dc40a66405d4) Importer(815301076,1909f56bfc062723c751e8b465ee728b)  -> (artifact id: '106c2db481a76d10698b10386c830f12') in 0.006720 seconds
Number of updated asset objects reloaded before import = 0
Number of asset objects unloaded after import = 95
========================================================================
Received Import Request.
  Time since last request: 0.000019 seconds.
  path: Assets/Models/Characters/Archer/newfbx/Archer_Death.FBX
  artifactKey: Guid(7414bd4ceead1744cb6a482993343175) Importer(815301076,1909f56bfc062723c751e8b465ee728b)
Start importing Assets/Models/Characters/Archer/newfbx/Archer_Death.FBX using Guid(7414bd4ceead1744cb6a482993343175) Importer(815301076,1909f56bfc062723c751e8b465ee728b)  -> (artifact id: 'e9954aa2439352107ce98f103ec530f7') in 0.005197 seconds
Number of updated asset objects reloaded before import = 0
Number of asset objects unloaded after import = 159
========================================================================
Received Import Request.
  Time since last request: 0.000022 seconds.
  path: Assets/Models/Characters/newArcher/fbx/Archer_AtkB.FBX
  artifactKey: Guid(57c2f165fc7c9e342972b81b0c5ec557) Importer(815301076,1909f56bfc062723c751e8b465ee728b)
Start importing Assets/Models/Characters/newArcher/fbx/Archer_AtkB.FBX using Guid(57c2f165fc7c9e342972b81b0c5ec557) Importer(815301076,1909f56bfc062723c751e8b465ee728b)  -> (artifact id: '1bd29831fe63f7db3a0f131633c94f2f') in 0.006241 seconds
Number of updated asset objects reloaded before import = 0
Number of asset objects unloaded after import = 159
========================================================================
Received Import Request.
  Time since last request: 0.000014 seconds.
  path: Assets/Models/Characters/Archer/newfbx/Archer_SkillB.FBX
  artifactKey: Guid(ae680d2b28f2a3546acd7feb44f5da6b) Importer(815301076,1909f56bfc062723c751e8b465ee728b)
Start importing Assets/Models/Characters/Archer/newfbx/Archer_SkillB.FBX using Guid(ae680d2b28f2a3546acd7feb44f5da6b) Importer(815301076,1909f56bfc062723c751e8b465ee728b)  -> (artifact id: 'dbeca6e443f3d2a3711b22d720ceabee') in 0.005557 seconds
Number of updated asset objects reloaded before import = 0
Number of asset objects unloaded after import = 125
========================================================================
Received Import Request.
  Time since last request: 0.000014 seconds.
  path: Assets/Models/Characters/Archer/newfbx/Archer_Move_Left.FBX
  artifactKey: Guid(2a3c129b0dca7454681d78af4d2d90ee) Importer(815301076,1909f56bfc062723c751e8b465ee728b)
Start importing Assets/Models/Characters/Archer/newfbx/Archer_Move_Left.FBX using Guid(2a3c129b0dca7454681d78af4d2d90ee) Importer(815301076,1909f56bfc062723c751e8b465ee728b)  -> (artifact id: '484b8f9a77747e1f3a8925436278160f') in 0.006026 seconds
Number of updated asset objects reloaded before import = 0
Number of asset objects unloaded after import = 159
========================================================================
Received Import Request.
  Time since last request: 0.000017 seconds.
  path: Assets/Models/Characters/Archer/newfbx/Archer_Move_Right.FBX
  artifactKey: Guid(1bacf721b0d98f1428722176f954720f) Importer(815301076,1909f56bfc062723c751e8b465ee728b)
Start importing Assets/Models/Characters/Archer/newfbx/Archer_Move_Right.FBX using Guid(1bacf721b0d98f1428722176f954720f) Importer(815301076,1909f56bfc062723c751e8b465ee728b)  -> (artifact id: 'f835cd063dd045271330d9b83922de50') in 0.004970 seconds
Number of updated asset objects reloaded before import = 0
Number of asset objects unloaded after import = 159
========================================================================
Received Import Request.
  Time since last request: 0.000015 seconds.
  path: Assets/Models/Characters/Archer/newfbx/Archer_Move_Forward.FBX
  artifactKey: Guid(0e15f7b94b006cb4dafb7f76a86e22d6) Importer(815301076,1909f56bfc062723c751e8b465ee728b)
Start importing Assets/Models/Characters/Archer/newfbx/Archer_Move_Forward.FBX using Guid(0e15f7b94b006cb4dafb7f76a86e22d6) Importer(815301076,1909f56bfc062723c751e8b465ee728b)  -> (artifact id: '81a4b2ea0274b97189db20ed95b2e341') in 0.006895 seconds
Number of updated asset objects reloaded before import = 0
Number of asset objects unloaded after import = 159
========================================================================
Received Import Request.
  Time since last request: 0.000028 seconds.
  path: Assets/Models/Characters/newArcher/fbx/Archer_Ride_Idle.FBX
  artifactKey: Guid(af41dffc252ea164997af5abf57c496e) Importer(815301076,1909f56bfc062723c751e8b465ee728b)
Start importing Assets/Models/Characters/newArcher/fbx/Archer_Ride_Idle.FBX using Guid(af41dffc252ea164997af5abf57c496e) Importer(815301076,1909f56bfc062723c751e8b465ee728b)  -> (artifact id: '335715ae067265ba9e37764131f1bf61') in 0.005621 seconds
Number of updated asset objects reloaded before import = 0
Number of asset objects unloaded after import = 127
========================================================================
Received Import Request.
  Time since last request: 0.000016 seconds.
  path: Assets/Models/Characters/newArcher/fbx/Archer_Idle.FBX
  artifactKey: Guid(dc24f2b6ee9a714428122f09dc33be88) Importer(815301076,1909f56bfc062723c751e8b465ee728b)
Start importing Assets/Models/Characters/newArcher/fbx/Archer_Idle.FBX using Guid(dc24f2b6ee9a714428122f09dc33be88) Importer(815301076,1909f56bfc062723c751e8b465ee728b)  -> (artifact id: 'db446b756cf062c9c84f1bfb9a8b22fc') in 0.006103 seconds
Number of updated asset objects reloaded before import = 0
Number of asset objects unloaded after import = 127
========================================================================
Received Import Request.
  Time since last request: 0.000023 seconds.
  path: Assets/Models/Characters/Archer/fbx/Archer_Ride_Idle.FBX
  artifactKey: Guid(84e3488a0f1f9e4419a270bfbdfdab9e) Importer(815301076,1909f56bfc062723c751e8b465ee728b)
Start importing Assets/Models/Characters/Archer/fbx/Archer_Ride_Idle.FBX using Guid(84e3488a0f1f9e4419a270bfbdfdab9e) Importer(815301076,1909f56bfc062723c751e8b465ee728b)  -> (artifact id: 'c938e1a5914b0e24b0d79ebd7d202c05') in 0.005267 seconds
Number of updated asset objects reloaded before import = 0
Number of asset objects unloaded after import = 127
========================================================================
Received Import Request.
  Time since last request: 0.665255 seconds.
  path: Assets/Levels/MainCity/Models/other/beizi.FBX
  artifactKey: Guid(4a817f50cb540cd4bbc994eaef083704) Importer(815301076,1909f56bfc062723c751e8b465ee728b)
Start importing Assets/Levels/MainCity/Models/other/beizi.FBX using Guid(4a817f50cb540cd4bbc994eaef083704) Importer(815301076,1909f56bfc062723c751e8b465ee728b)  -> (artifact id: '96e3fe2390916e132a3244ed2686c6d5') in 0.074876 seconds
Number of updated asset objects reloaded before import = 0
Number of asset objects unloaded after import = 11
========================================================================
Received Import Request.
  Time since last request: 0.000034 seconds.
  path: Assets/Levels/Map03/Models/common_city_tianshi.FBX
  artifactKey: Guid(f937aeddb00b6a44f99a633d14c1c2a6) Importer(815301076,1909f56bfc062723c751e8b465ee728b)
Start importing Assets/Levels/Map03/Models/common_city_tianshi.FBX using Guid(f937aeddb00b6a44f99a633d14c1c2a6) Importer(815301076,1909f56bfc062723c751e8b465ee728b)  -> (artifact id: 'a3760d46928ecbc2ecd034a4c29b99f2') in 0.021308 seconds
Number of updated asset objects reloaded before import = 0
Number of asset objects unloaded after import = 9
========================================================================
Received Import Request.
  Time since last request: 0.000030 seconds.
  path: Assets/Levels/MainCity/Models/other/huodui.FBX
  artifactKey: Guid(14a8401f5d216bb4e8320507ceeaedb8) Importer(815301076,1909f56bfc062723c751e8b465ee728b)
Start importing Assets/Levels/MainCity/Models/other/huodui.FBX using Guid(14a8401f5d216bb4e8320507ceeaedb8) Importer(815301076,1909f56bfc062723c751e8b465ee728b)  -> (artifact id: 'b687e8f4499f8c36a4e39dc65f66d3c6') in 0.021587 seconds
Number of updated asset objects reloaded before import = 0
Number of asset objects unloaded after import = 12
========================================================================
Received Import Request.
  Time since last request: 0.000029 seconds.
  path: Assets/Levels/Map03/Models/common_city_dazhutai.FBX
  artifactKey: Guid(f6ab15a2841b48347bc81573cc0bd440) Importer(815301076,1909f56bfc062723c751e8b465ee728b)
Start importing Assets/Levels/Map03/Models/common_city_dazhutai.FBX using Guid(f6ab15a2841b48347bc81573cc0bd440) Importer(815301076,1909f56bfc062723c751e8b465ee728b)  -> (artifact id: 'bec6cba5b49849699fb804fdcdddf041') in 0.015755 seconds
Number of updated asset objects reloaded before import = 0
Number of asset objects unloaded after import = 9
========================================================================
Received Import Request.
  Time since last request: 0.000023 seconds.
  path: Assets/Levels/MainCity/Models/other/changdeng.FBX
  artifactKey: Guid(3eae791286cd56b44adcd113915f4044) Importer(815301076,1909f56bfc062723c751e8b465ee728b)
Start importing Assets/Levels/MainCity/Models/other/changdeng.FBX using Guid(3eae791286cd56b44adcd113915f4044) Importer(815301076,1909f56bfc062723c751e8b465ee728b)  -> (artifact id: '85f173af84627639f573cdfa1223a962') in 0.020539 seconds
Number of updated asset objects reloaded before import = 0
Number of asset objects unloaded after import = 11
========================================================================
Received Import Request.
  Time since last request: 0.000022 seconds.
  path: Assets/Levels/Arena/FBX/JJC01_02.FBX
  artifactKey: Guid(2cb2f34a4070ec64cb3b1e51b4479766) Importer(815301076,1909f56bfc062723c751e8b465ee728b)
Start importing Assets/Levels/Arena/FBX/JJC01_02.FBX using Guid(2cb2f34a4070ec64cb3b1e51b4479766) Importer(815301076,1909f56bfc062723c751e8b465ee728b)  -> (artifact id: 'cb03c7fe872556217a4aa370eca4e297') in 0.021278 seconds
Number of updated asset objects reloaded before import = 0
Number of asset objects unloaded after import = 11
========================================================================
Received Import Request.
  Time since last request: 0.000028 seconds.
  path: Assets/Models/NPCs/DeliveryNPC/fbx/DeliveryNPC_Relax.FBX
  artifactKey: Guid(e06509773c30e6d4a85c14cebd6005c2) Importer(815301076,1909f56bfc062723c751e8b465ee728b)
Start importing Assets/Models/NPCs/DeliveryNPC/fbx/DeliveryNPC_Relax.FBX using Guid(e06509773c30e6d4a85c14cebd6005c2) Importer(815301076,1909f56bfc062723c751e8b465ee728b)  -> (artifact id: '0c88f52a1bf09c9743f45f64243edc11') in 0.008829 seconds
Number of updated asset objects reloaded before import = 0
Number of asset objects unloaded after import = 93
========================================================================
Received Import Request.
  Time since last request: 0.000024 seconds.
  path: Assets/Models/NPCs/DeliveryNPC/fbx/DeliveryNPC_Idle.FBX
  artifactKey: Guid(dc1df0d911b798e45ab5895f8d2ccd58) Importer(815301076,1909f56bfc062723c751e8b465ee728b)
Start importing Assets/Models/NPCs/DeliveryNPC/fbx/DeliveryNPC_Idle.FBX using Guid(dc1df0d911b798e45ab5895f8d2ccd58) Importer(815301076,1909f56bfc062723c751e8b465ee728b)  -> (artifact id: 'd03af16edb445637fc0893670af33e68') in 0.006456 seconds
Number of updated asset objects reloaded before import = 0
Number of asset objects unloaded after import = 93
========================================================================
Received Import Request.
  Time since last request: 0.000020 seconds.
  path: Assets/Levels/Arena/FBX/JJC01_01.FBX
  artifactKey: Guid(f0bda94f3595e2744a79369b407406ff) Importer(815301076,1909f56bfc062723c751e8b465ee728b)
Start importing Assets/Levels/Arena/FBX/JJC01_01.FBX using Guid(f0bda94f3595e2744a79369b407406ff) Importer(815301076,1909f56bfc062723c751e8b465ee728b)  -> (artifact id: '20c18ea8d499684038615641f8e9af7a') in 0.018053 seconds
Number of updated asset objects reloaded before import = 0
Number of asset objects unloaded after import = 11
========================================================================
Received Import Request.
  Time since last request: 0.000026 seconds.
  path: Assets/Models/NPCs/DeliveryNPC/fbx/DeliveryNPC_Talk.FBX
  artifactKey: Guid(9d9693825e929ad48be8cafc74511609) Importer(815301076,1909f56bfc062723c751e8b465ee728b)
Start importing Assets/Models/NPCs/DeliveryNPC/fbx/DeliveryNPC_Talk.FBX using Guid(9d9693825e929ad48be8cafc74511609) Importer(815301076,1909f56bfc062723c751e8b465ee728b)  -> (artifact id: '6df85ba98d7e969a5338024ad02f3ea4') in 0.006921 seconds
Number of updated asset objects reloaded before import = 0
Number of asset objects unloaded after import = 93
========================================================================
Received Import Request.
  Time since last request: 0.107527 seconds.
  path: Assets/Levels/Arena/FBX/JJC01_03.FBX
  artifactKey: Guid(0ea7c72a33cbe2046bc59b693e0af244) Importer(815301076,1909f56bfc062723c751e8b465ee728b)
Start importing Assets/Levels/Arena/FBX/JJC01_03.FBX using Guid(0ea7c72a33cbe2046bc59b693e0af244) Importer(815301076,1909f56bfc062723c751e8b465ee728b)  -> (artifact id: 'b899070b5681da7d63a128936005add2') in 0.018710 seconds
Number of updated asset objects reloaded before import = 0
Number of asset objects unloaded after import = 11
========================================================================
Received Import Request.
  Time since last request: 0.000023 seconds.
  path: Assets/Levels/Arena/FBX/JJC02.FBX
  artifactKey: Guid(2aabdedb2fb148f4081101a09bb9b1f6) Importer(815301076,1909f56bfc062723c751e8b465ee728b)
Start importing Assets/Levels/Arena/FBX/JJC02.FBX using Guid(2aabdedb2fb148f4081101a09bb9b1f6) Importer(815301076,1909f56bfc062723c751e8b465ee728b)  -> (artifact id: 'd361c293a43e002c7cda826ff1eecd3a') in 0.021419 seconds
Number of updated asset objects reloaded before import = 0
Number of asset objects unloaded after import = 12
========================================================================
Received Import Request.
  Time since last request: 0.000019 seconds.
  path: Assets/Levels/Arena/FBX/JJC01.FBX
  artifactKey: Guid(517ab57e34bb755488d52a78a3d3b763) Importer(815301076,1909f56bfc062723c751e8b465ee728b)
Start importing Assets/Levels/Arena/FBX/JJC01.FBX using Guid(517ab57e34bb755488d52a78a3d3b763) Importer(815301076,1909f56bfc062723c751e8b465ee728b)  -> (artifact id: '7ac0f3c6a5be5516f87cf4e181234875') in 0.022424 seconds
Number of updated asset objects reloaded before import = 0
Number of asset objects unloaded after import = 12
========================================================================
Received Import Request.
  Time since last request: 0.000029 seconds.
  path: Assets/Levels/Arena/FBX/JJC03_01.FBX
  artifactKey: Guid(5e4ec53c303360143b7582c42b2fd043) Importer(815301076,1909f56bfc062723c751e8b465ee728b)
Start importing Assets/Levels/Arena/FBX/JJC03_01.FBX using Guid(5e4ec53c303360143b7582c42b2fd043) Importer(815301076,1909f56bfc062723c751e8b465ee728b)  -> (artifact id: '4c912a602f84122b473d3e363254e896') in 0.019763 seconds
Number of updated asset objects reloaded before import = 0
Number of asset objects unloaded after import = 12
========================================================================
Received Import Request.
  Time since last request: 0.014974 seconds.
  path: Assets/Levels/Arena/FBX/JJC03_03.FBX
  artifactKey: Guid(8a9efe8374dc58d4f916d4339fd324c3) Importer(815301076,1909f56bfc062723c751e8b465ee728b)
Start importing Assets/Levels/Arena/FBX/JJC03_03.FBX using Guid(8a9efe8374dc58d4f916d4339fd324c3) Importer(815301076,1909f56bfc062723c751e8b465ee728b)  -> (artifact id: 'f9379857e1bcb4b0173e6a78d66314aa') in 0.021270 seconds
Number of updated asset objects reloaded before import = 0
Number of asset objects unloaded after import = 12
========================================================================
Received Import Request.
  Time since last request: 0.000024 seconds.
  path: Assets/Levels/Arena/FBX/JJC03_07.FBX
  artifactKey: Guid(4474a469288686e47a8c4df377076fb9) Importer(815301076,1909f56bfc062723c751e8b465ee728b)
Start importing Assets/Levels/Arena/FBX/JJC03_07.FBX using Guid(4474a469288686e47a8c4df377076fb9) Importer(815301076,1909f56bfc062723c751e8b465ee728b)  -> (artifact id: 'c528ce6cb9b34a8278dfcad233ebb452') in 0.021877 seconds
Number of updated asset objects reloaded before import = 0
Number of asset objects unloaded after import = 11
========================================================================
Received Import Request.
  Time since last request: 0.000041 seconds.
  path: Assets/Levels/Arena/FBX/JJC03_06.FBX
  artifactKey: Guid(fddbcf50e62c3df4fabc09e27f30912e) Importer(815301076,1909f56bfc062723c751e8b465ee728b)
Start importing Assets/Levels/Arena/FBX/JJC03_06.FBX using Guid(fddbcf50e62c3df4fabc09e27f30912e) Importer(815301076,1909f56bfc062723c751e8b465ee728b)  -> (artifact id: '5591aee50c5eb7e2629de984765c613a') in 0.020744 seconds
Number of updated asset objects reloaded before import = 0
Number of asset objects unloaded after import = 12
========================================================================
Received Import Request.
  Time since last request: 0.000024 seconds.
  path: Assets/Models/Monsters/M1001/Fbx/M1001_Idle.FBX
  artifactKey: Guid(1488c236d31a91241b2f8c4af2713391) Importer(815301076,1909f56bfc062723c751e8b465ee728b)
Start importing Assets/Models/Monsters/M1001/Fbx/M1001_Idle.FBX using Guid(1488c236d31a91241b2f8c4af2713391) Importer(815301076,1909f56bfc062723c751e8b465ee728b)  -> (artifact id: '437cdbb9bfe0dcfcbc294311b2cb2024') in 0.008367 seconds
Number of updated asset objects reloaded before import = 0
Number of asset objects unloaded after import = 97
========================================================================
Received Import Request.
  Time since last request: 0.000036 seconds.
  path: Assets/Models/Monsters/M1001/Fbx/M1001_Damage.FBX
  artifactKey: Guid(69e538c888b9bca4888f1f46aed19e9b) Importer(815301076,1909f56bfc062723c751e8b465ee728b)
Start importing Assets/Models/Monsters/M1001/Fbx/M1001_Damage.FBX using Guid(69e538c888b9bca4888f1f46aed19e9b) Importer(815301076,1909f56bfc062723c751e8b465ee728b)  -> (artifact id: '6d6afd2ea69507e53d58f7a35a3bc25c') in 0.007041 seconds
Number of updated asset objects reloaded before import = 0
Number of asset objects unloaded after import = 97
========================================================================
Received Import Request.
  Time since last request: 0.000031 seconds.
  path: Assets/Models/Monsters/M1001/Fbx/M1001_AtkB.FBX
  artifactKey: Guid(08c4c7a427914354d9f05ebd9b1960bd) Importer(815301076,1909f56bfc062723c751e8b465ee728b)
Start importing Assets/Models/Monsters/M1001/Fbx/M1001_AtkB.FBX using Guid(08c4c7a427914354d9f05ebd9b1960bd) Importer(815301076,1909f56bfc062723c751e8b465ee728b)  -> (artifact id: '690d34cc7bab302db4cbabfbe33447b3') in 0.007499 seconds
Number of updated asset objects reloaded before import = 0
Number of asset objects unloaded after import = 97
========================================================================
Received Import Request.
  Time since last request: 0.000015 seconds.
  path: Assets/Models/Monsters/M1001/Fbx/M1001_Hurt.FBX
  artifactKey: Guid(f3fe3e4244c3987408c6a672e943bb79) Importer(815301076,1909f56bfc062723c751e8b465ee728b)
Start importing Assets/Models/Monsters/M1001/Fbx/M1001_Hurt.FBX using Guid(f3fe3e4244c3987408c6a672e943bb79) Importer(815301076,1909f56bfc062723c751e8b465ee728b)  -> (artifact id: '5a195e3666868d08680f3b8f66a9da4d') in 0.006555 seconds
Number of updated asset objects reloaded before import = 0
Number of asset objects unloaded after import = 97
========================================================================
Received Import Request.
  Time since last request: 0.000020 seconds.
  path: Assets/Models/Monsters/M1001/Fbx/M1001_AtkA.FBX
  artifactKey: Guid(c1d9df786276e424daeb672877340156) Importer(815301076,1909f56bfc062723c751e8b465ee728b)
Start importing Assets/Models/Monsters/M1001/Fbx/M1001_AtkA.FBX using Guid(c1d9df786276e424daeb672877340156) Importer(815301076,1909f56bfc062723c751e8b465ee728b)  -> (artifact id: '65364d5bba7bb241cc991f2437b7b9c9') in 0.006503 seconds
Number of updated asset objects reloaded before import = 0
Number of asset objects unloaded after import = 97
========================================================================
Received Import Request.
  Time since last request: 0.100718 seconds.
  path: Assets/Models/Monsters/M1001/Fbx/M1001_Move_Forward.FBX
  artifactKey: Guid(f715b04a4289eff41ae29f5a79dd9077) Importer(815301076,1909f56bfc062723c751e8b465ee728b)
Start importing Assets/Models/Monsters/M1001/Fbx/M1001_Move_Forward.FBX using Guid(f715b04a4289eff41ae29f5a79dd9077) Importer(815301076,1909f56bfc062723c751e8b465ee728b)  -> (artifact id: '977f74553ecea6d644ed29f25aa25420') in 0.006964 seconds
Number of updated asset objects reloaded before import = 0
Number of asset objects unloaded after import = 97
========================================================================
Received Import Request.
  Time since last request: 0.000015 seconds.
  path: Assets/Models/Monsters/M1002/Fbx/M1002_Atk.FBX
  artifactKey: Guid(8bcf7c24b2445c64f829f2516c886355) Importer(815301076,1909f56bfc062723c751e8b465ee728b)
Start importing Assets/Models/Monsters/M1002/Fbx/M1002_Atk.FBX using Guid(8bcf7c24b2445c64f829f2516c886355) Importer(815301076,1909f56bfc062723c751e8b465ee728b)  -> (artifact id: '952106d89f48d6f374835cf818467a59') in 0.063405 seconds
Number of updated asset objects reloaded before import = 0
Number of asset objects unloaded after import = 146
========================================================================
Received Import Request.
  Time since last request: 0.000031 seconds.
  path: Assets/Models/Monsters/M1002/Fbx/M1002_Idle.FBX
  artifactKey: Guid(5753a452936f0b34c9e047f879d133b5) Importer(815301076,1909f56bfc062723c751e8b465ee728b)
Start importing Assets/Models/Monsters/M1002/Fbx/M1002_Idle.FBX using Guid(5753a452936f0b34c9e047f879d133b5) Importer(815301076,1909f56bfc062723c751e8b465ee728b)  -> (artifact id: '300ffb463f5776673c913e70d810ff2b') in 0.033806 seconds
Number of updated asset objects reloaded before import = 0
Number of asset objects unloaded after import = 146
========================================================================
Received Import Request.
  Time since last request: 0.000037 seconds.
  path: Assets/Models/Monsters/M1003/fbx/M1003_AtkA.FBX
  artifactKey: Guid(36677965bff07db45a20dc1434183926) Importer(815301076,1909f56bfc062723c751e8b465ee728b)
Start importing Assets/Models/Monsters/M1003/fbx/M1003_AtkA.FBX using Guid(36677965bff07db45a20dc1434183926) Importer(815301076,1909f56bfc062723c751e8b465ee728b)  -> (artifact id: 'ca0a82c39f529927b3ba1daa44514384') in 0.065184 seconds
Number of updated asset objects reloaded before import = 0
Number of asset objects unloaded after import = 139
========================================================================
Received Import Request.
  Time since last request: 0.000033 seconds.
  path: Assets/Models/Monsters/M1002/Fbx/M1002_SkillB.FBX
  artifactKey: Guid(257e0660ec43ee541a2c87afd1fa26d4) Importer(815301076,1909f56bfc062723c751e8b465ee728b)
Start importing Assets/Models/Monsters/M1002/Fbx/M1002_SkillB.FBX using Guid(257e0660ec43ee541a2c87afd1fa26d4) Importer(815301076,1909f56bfc062723c751e8b465ee728b)  -> (artifact id: 'ab507d89077218746d91d8a3d5ad2065') in 0.034544 seconds
Number of updated asset objects reloaded before import = 0
Number of asset objects unloaded after import = 146
Editor requested this worker to shutdown with reason: Scaling down because of idle timeout
TcpMessagingSession - receive error: operation aborted. errorcode: 995, details: 由于线程退出或应用程序请求，已中止 I/O 操作。
AssetImportWorker is now disconnected from the server
Process exiting
Exiting without the bug reporter. Application will terminate with return code 0