Using pre-set license
Built from '2022.3/china_unity/release' branch; Version is '2022.3.30f1c1 (a6dc00fbe362) revision 10935296'; Using compiler version '192829333'; Build Type 'Release'
OS: 'Windows 11  (10.0.26200) 64bit Professional' Language: 'zh' Physical Memory: 15613 MB
BatchMode: 1, IsHumanControllingUs: 0, StartBugReporterOnCrash: 0, Is64bit: 1, IsPro: 1

COMMAND LINE ARGUMENTS:
C:\Apps\Unity Hub\Unity\Hub\Editor\2022.3.30f1c1\Editor\Unity.exe
-adb2
-batchMode
-noUpm
-name
AssetImportWorker0
-projectPath
F:/Unity/Projects/24.10.3ExtremeWorld/Src/Client
-logFile
Logs/AssetImportWorker0.log
-srvPort
62011
Successfully changed project path to: F:/Unity/Projects/24.10.3ExtremeWorld/Src/Client
F:/Unity/Projects/24.10.3ExtremeWorld/Src/Client
[UnityMemory] Configuration Parameters - Can be set up in boot.config
    "memorysetup-bucket-allocator-granularity=16"
    "memorysetup-bucket-allocator-bucket-count=8"
    "memorysetup-bucket-allocator-block-size=33554432"
    "memorysetup-bucket-allocator-block-count=8"
    "memorysetup-main-allocator-block-size=16777216"
    "memorysetup-thread-allocator-block-size=16777216"
    "memorysetup-gfx-main-allocator-block-size=16777216"
    "memorysetup-gfx-thread-allocator-block-size=16777216"
    "memorysetup-cache-allocator-block-size=4194304"
    "memorysetup-typetree-allocator-block-size=2097152"
    "memorysetup-profiler-bucket-allocator-granularity=16"
    "memorysetup-profiler-bucket-allocator-bucket-count=8"
    "memorysetup-profiler-bucket-allocator-block-size=33554432"
    "memorysetup-profiler-bucket-allocator-block-count=8"
    "memorysetup-profiler-allocator-block-size=16777216"
    "memorysetup-profiler-editor-allocator-block-size=1048576"
    "memorysetup-temp-allocator-size-main=16777216"
    "memorysetup-job-temp-allocator-block-size=2097152"
    "memorysetup-job-temp-allocator-block-size-background=1048576"
    "memorysetup-job-temp-allocator-reduction-small-platforms=262144"
    "memorysetup-allocator-temp-initial-block-size-main=262144"
    "memorysetup-allocator-temp-initial-block-size-worker=262144"
    "memorysetup-temp-allocator-size-background-worker=32768"
    "memorysetup-temp-allocator-size-job-worker=262144"
    "memorysetup-temp-allocator-size-preload-manager=33554432"
    "memorysetup-temp-allocator-size-nav-mesh-worker=65536"
    "memorysetup-temp-allocator-size-audio-worker=65536"
    "memorysetup-temp-allocator-size-cloud-worker=32768"
    "memorysetup-temp-allocator-size-gi-baking-worker=262144"
    "memorysetup-temp-allocator-size-gfx=262144"
Player connection [22752] Host "[IP] 192.168.145.1 [Port] 0 [Flags] 2 [Guid] 1072791168 [EditorId] 1072791168 [Version] 1048832 [Id] WindowsEditor(7,LAPTOP-H7TM5C4L) [Debug] 1 [PackageName] WindowsEditor [ProjectName] Editor" joined multi-casting on [225.0.0.222:54997]...

Player connection [22752] Host "[IP] 192.168.145.1 [Port] 0 [Flags] 2 [Guid] 1072791168 [EditorId] 1072791168 [Version] 1048832 [Id] WindowsEditor(7,LAPTOP-H7TM5C4L) [Debug] 1 [PackageName] WindowsEditor [ProjectName] Editor" joined alternative multi-casting on [225.0.0.222:34997]...

[Physics::Module] Initialized MultithreadedJobDispatcher with 15 workers.
Refreshing native plugins compatible for Editor in 115.05 ms, found 2 plugins.
Preloading 0 native plugins for Editor in 0.00 ms.
Initialize engine version: 2022.3.30f1c1 (a6dc00fbe362)
[Subsystems] Discovering subsystems at path C:/Apps/Unity Hub/Unity/Hub/Editor/2022.3.30f1c1/Editor/Data/Resources/UnitySubsystems
[Subsystems] Discovering subsystems at path F:/Unity/Projects/24.10.3ExtremeWorld/Src/Client/Assets
GfxDevice: creating device client; threaded=0; jobified=0
Direct3D:
    Version:  Direct3D 11.0 [level 11.1]
    Renderer: NVIDIA GeForce RTX 3060 Laptop GPU (ID=0x2520)
    Vendor:   NVIDIA
    VRAM:     5994 MB
    Driver:   32.0.15.9174
Initialize mono
Mono path[0] = 'C:/Apps/Unity Hub/Unity/Hub/Editor/2022.3.30f1c1/Editor/Data/Managed'
Mono path[1] = 'C:/Apps/Unity Hub/Unity/Hub/Editor/2022.3.30f1c1/Editor/Data/MonoBleedingEdge/lib/mono/unityjit-win32'
Mono config path = 'C:/Apps/Unity Hub/Unity/Hub/Editor/2022.3.30f1c1/Editor/Data/MonoBleedingEdge/etc'
Using monoOptions --debugger-agent=transport=dt_socket,embedding=1,server=y,suspend=n,address=127.0.0.1:56280
Begin MonoManager ReloadAssembly
Registering precompiled unity dll's ...
Register platform support module: C:/Apps/Unity Hub/Unity/Hub/Editor/2022.3.30f1c1/Editor/Data/PlaybackEngines/AndroidPlayer/UnityEditor.Android.Extensions.dll
Register platform support module: C:/Apps/Unity Hub/Unity/Hub/Editor/2022.3.30f1c1/Editor/Data/PlaybackEngines/WindowsStandaloneSupport/UnityEditor.WindowsStandalone.Extensions.dll
Registered in 0.022428 seconds.
- Loaded All Assemblies, in  0.514 seconds
Native extension for WindowsStandalone target not found
Native extension for Android target not found
Android Extension - Scanning For ADB Devices 462 ms
Mono: successfully reloaded assembly
- Finished resetting the current domain, in  0.868 seconds
Domain Reload Profiling: 1376ms
	BeginReloadAssembly (175ms)
		ExecutionOrderSort (0ms)
		DisableScriptedObjects (0ms)
		BackupInstance (0ms)
		ReleaseScriptingObjects (0ms)
		CreateAndSetChildDomain (1ms)
	RebuildCommonClasses (42ms)
	RebuildNativeTypeToScriptingClass (10ms)
	initialDomainReloadingComplete (99ms)
	LoadAllAssembliesAndSetupDomain (181ms)
		LoadAssemblies (169ms)
		RebuildTransferFunctionScriptingTraits (0ms)
		AnalyzeDomain (177ms)
			TypeCache.Refresh (175ms)
				TypeCache.ScanAssembly (156ms)
			ScanForSourceGeneratedMonoScriptInfo (0ms)
			ResolveRequiredComponents (1ms)
	FinalizeReload (868ms)
		ReleaseScriptCaches (0ms)
		RebuildScriptCaches (0ms)
		SetupLoadedEditorAssemblies (797ms)
			LogAssemblyErrors (0ms)
			InitializePlatformSupportModulesInManaged (592ms)
			SetLoadedEditorAssemblies (5ms)
			RefreshPlugins (0ms)
			BeforeProcessingInitializeOnLoad (3ms)
			ProcessInitializeOnLoadAttributes (143ms)
			ProcessInitializeOnLoadMethodAttributes (53ms)
			AfterProcessingInitializeOnLoad (0ms)
			EditorAssembliesLoaded (0ms)
		ExecutionOrderSort2 (0ms)
		AwakeInstancesAfterBackupRestoration (0ms)
========================================================================
Worker process is ready to serve import requests
Begin MonoManager ReloadAssembly
Duplicate assembly 'log4net.dll' with different versions detected, using 'Assets/References/log4net.dll, AssemblyName=log4net, Version=2.0.8.0, Culture=neutral, PublicKeyToken=null' and ignoring 'Packages/com.unity.collab-proxy/Lib/Editor/PlasticSCM/log4netPlastic.dll, AssemblyName=log4net, Version=1.2.15.0, Culture=neutral, PublicKeyToken=669e0ddf0bb1aa2a'.Duplicate assembly 'Newtonsoft.Json.dll' with different versions detected, using 'Packages/com.unity.nuget.newtonsoft-json/Runtime/Newtonsoft.Json.dll, AssemblyName=Newtonsoft.Json, Version=13.0.0.0, Culture=neutral, PublicKeyToken=30ad4fe6b2a6aeed' and ignoring 'Assets/JsonDotNet/Assemblies/Standalone/Newtonsoft.Json.dll, AssemblyName=Newtonsoft.Json, Version=8.0.0.0, Culture=neutral, PublicKeyToken=null'.Symbol file LoadedFromMemory is not a mono symbol file
Symbol file LoadedFromMemory is not a mono symbol file
Symbol file LoadedFromMemory is not a mono symbol file
- Loaded All Assemblies, in  1.276 seconds
Refreshing native plugins compatible for Editor in 43.43 ms, found 2 plugins.
Native extension for WindowsStandalone target not found
Native extension for Android target not found
Package Manager log level set to [2]
[Package Manager] Server::EnsureServerProcessIsRunning -- launch failed, reason: Unity was launched with the -noUpm command-line argument
[Package Manager] UpmClient::Send -- Unable to send message (not connected to UPM process).
[Package Manager] Cannot connect to Unity Package Manager local server
Mono: successfully reloaded assembly
- Finished resetting the current domain, in  1.309 seconds
Domain Reload Profiling: 2556ms
	BeginReloadAssembly (208ms)
		ExecutionOrderSort (0ms)
		DisableScriptedObjects (9ms)
		BackupInstance (0ms)
		ReleaseScriptingObjects (0ms)
		CreateAndSetChildDomain (36ms)
	RebuildCommonClasses (44ms)
	RebuildNativeTypeToScriptingClass (14ms)
	initialDomainReloadingComplete (84ms)
	LoadAllAssembliesAndSetupDomain (897ms)
		LoadAssemblies (827ms)
		RebuildTransferFunctionScriptingTraits (0ms)
		AnalyzeDomain (192ms)
			TypeCache.Refresh (161ms)
				TypeCache.ScanAssembly (123ms)
			ScanForSourceGeneratedMonoScriptInfo (24ms)
			ResolveRequiredComponents (5ms)
	FinalizeReload (1310ms)
		ReleaseScriptCaches (0ms)
		RebuildScriptCaches (0ms)
		SetupLoadedEditorAssemblies (1110ms)
			LogAssemblyErrors (0ms)
			InitializePlatformSupportModulesInManaged (46ms)
			SetLoadedEditorAssemblies (5ms)
			RefreshPlugins (0ms)
			BeforeProcessingInitializeOnLoad (145ms)
			ProcessInitializeOnLoadAttributes (704ms)
			ProcessInitializeOnLoadMethodAttributes (191ms)
			AfterProcessingInitializeOnLoad (19ms)
			EditorAssembliesLoaded (1ms)
		ExecutionOrderSort2 (0ms)
		AwakeInstancesAfterBackupRestoration (8ms)
Launched and connected shader compiler UnityShaderCompiler.exe after 0.08 seconds
Refreshing native plugins compatible for Editor in 47.41 ms, found 2 plugins.
Preloading 0 native plugins for Editor in 0.00 ms.
Unloading 2741 Unused Serialized files (Serialized files now loaded: 0)
Unloading 73 unused Assets / (421.7 KB). Loaded Objects now: 3204.
Memory consumption went from 144.5 MB to 144.1 MB.
Total: 10.928600 ms (FindLiveObjects: 0.343700 ms CreateObjectMapping: 0.127500 ms MarkObjects: 9.953800 ms  DeleteObjects: 0.502100 ms)

AssetImportParameters requested are different than current active one (requested -> active):
  custom:video-decoder-webm-vp8: 9c59270c3fd7afecdb556c50c9e8de78 -> 
  custom:SearchIndexIgnoredProperties: e643bd26f0fe6173181afceb89e7c659 -> 
  custom:container-demuxer-ogg: 62fdf1f143b41e24485cea50d1cbac27 -> 
  custom:AudioImporter_EditorPlatform: d09bf68614088b80899f8185d706f6e7 -> 
  custom:video-codec-MediaFoundation-h265: 746d11721c4dcdbdad8f713fa42b33f4 -> 
  custom:video-decoder-ogg-theora: a1e56fd34408186e4bbccfd4996cb3dc -> 
  custom:framework-win-MediaFoundation: 216162199b28c13a410421893ffa2e32 -> 
  custom:video-encoder-webm-vp8: eb34c28f22e8b96e1ab97ce403110664 -> 
  custom:audio-decoder-ogg-vorbis: bf7c407c2cedff20999df2af8eb42d56 -> 
  custom:CustomObjectIndexerAttribute: 9a22284fe3817be447336de3de66b15e -> 
  custom:container-demuxer-webm: 4f35f7cbe854078d1ac9338744f61a02 -> 
  custom:audio-encoder-webm-vorbis: bf7c407c2cedff20999df2af8eb42d56 -> 
  custom:container-muxer-webm: aa71ff27fc2769a1b78a27578f13a17b -> 
========================================================================
Received Import Request.
  Time since last request: 24229.782417 seconds.
  path: Assets/FX/Model/Materials/Particle_Trail_Swirly_Item_02.mat
  artifactKey: Guid(2947f2aaa8ed3474a95a1246e6444575) Importer(815301076,1909f56bfc062723c751e8b465ee728b)
Start importing Assets/FX/Model/Materials/Particle_Trail_Swirly_Item_02.mat using Guid(2947f2aaa8ed3474a95a1246e6444575) Importer(815301076,1909f56bfc062723c751e8b465ee728b)  -> (artifact id: '04053042f3fdc630fbbd45ccec4eb258') in 0.117533 seconds
Number of updated asset objects reloaded before import = 0
Number of asset objects unloaded after import = 1
========================================================================
Received Import Request.
  Time since last request: 61.886740 seconds.
  path: Assets/Resources/UI/UIEquipItem.prefab
  artifactKey: Guid(463346b27f3eac649a21aa6f27cef1da) Importer(815301076,1909f56bfc062723c751e8b465ee728b)
Start importing Assets/Resources/UI/UIEquipItem.prefab using Guid(463346b27f3eac649a21aa6f27cef1da) Importer(815301076,1909f56bfc062723c751e8b465ee728b)  -> (artifact id: '3cdc993875587b92fdba6f86de9a9068') in 0.319587 seconds
Number of updated asset objects reloaded before import = 0
Number of asset objects unloaded after import = 46
========================================================================
Received Import Request.
  Time since last request: 19.990083 seconds.
  path: Assets/Resources/UI/UIEquipItem.prefab
  artifactKey: Guid(463346b27f3eac649a21aa6f27cef1da) Importer(815301076,1909f56bfc062723c751e8b465ee728b)
Start importing Assets/Resources/UI/UIEquipItem.prefab using Guid(463346b27f3eac649a21aa6f27cef1da) Importer(815301076,1909f56bfc062723c751e8b465ee728b)  -> (artifact id: '9c34150621bc6ba7c4fbbc4b2ce76d01') in 0.313096 seconds
Number of updated asset objects reloaded before import = 0
Number of asset objects unloaded after import = 46
========================================================================
Received Import Request.
  Time since last request: 10.529761 seconds.
  path: Assets/Resources/UI/UIEquipItem.prefab
  artifactKey: Guid(463346b27f3eac649a21aa6f27cef1da) Importer(815301076,1909f56bfc062723c751e8b465ee728b)
Start importing Assets/Resources/UI/UIEquipItem.prefab using Guid(463346b27f3eac649a21aa6f27cef1da) Importer(815301076,1909f56bfc062723c751e8b465ee728b)  -> (artifact id: 'e62c4b7c3e2c99eb1c5a0c77a16588c1') in 0.271036 seconds
Number of updated asset objects reloaded before import = 0
Number of asset objects unloaded after import = 46
========================================================================
Received Import Request.
  Time since last request: 13.991913 seconds.
  path: Assets/Resources/UI/UIEquipItem.prefab
  artifactKey: Guid(463346b27f3eac649a21aa6f27cef1da) Importer(815301076,1909f56bfc062723c751e8b465ee728b)
Start importing Assets/Resources/UI/UIEquipItem.prefab using Guid(463346b27f3eac649a21aa6f27cef1da) Importer(815301076,1909f56bfc062723c751e8b465ee728b)  -> (artifact id: 'aec6e0b17d0bcac5c72d757c99dd1c66') in 0.245327 seconds
Number of updated asset objects reloaded before import = 0
Number of asset objects unloaded after import = 46
========================================================================
Received Import Request.
  Time since last request: 3.481179 seconds.
  path: Assets/Resources/UI/UIEquipItem.prefab
  artifactKey: Guid(463346b27f3eac649a21aa6f27cef1da) Importer(815301076,1909f56bfc062723c751e8b465ee728b)
Start importing Assets/Resources/UI/UIEquipItem.prefab using Guid(463346b27f3eac649a21aa6f27cef1da) Importer(815301076,1909f56bfc062723c751e8b465ee728b)  -> (artifact id: 'f4fe394bbc5d4bc6115824ff77d77494') in 0.260918 seconds
Number of updated asset objects reloaded before import = 0
Number of asset objects unloaded after import = 46
========================================================================
Received Import Request.
  Time since last request: 11.898728 seconds.
  path: Assets/Resources/UI/UIEquipItem.prefab
  artifactKey: Guid(463346b27f3eac649a21aa6f27cef1da) Importer(815301076,1909f56bfc062723c751e8b465ee728b)
Start importing Assets/Resources/UI/UIEquipItem.prefab using Guid(463346b27f3eac649a21aa6f27cef1da) Importer(815301076,1909f56bfc062723c751e8b465ee728b)  -> (artifact id: '724f7fa78f6dbc0f213ecdb6f85a7ef2') in 0.252534 seconds
Number of updated asset objects reloaded before import = 0
Number of asset objects unloaded after import = 46
========================================================================
Received Import Request.
  Time since last request: 15.273486 seconds.
  path: Assets/Resources/UI/UIEquipItem.prefab
  artifactKey: Guid(463346b27f3eac649a21aa6f27cef1da) Importer(815301076,1909f56bfc062723c751e8b465ee728b)
Start importing Assets/Resources/UI/UIEquipItem.prefab using Guid(463346b27f3eac649a21aa6f27cef1da) Importer(815301076,1909f56bfc062723c751e8b465ee728b)  -> (artifact id: '7c1279e3539319437a6a4c0b7421c036') in 0.228193 seconds
Number of updated asset objects reloaded before import = 0
Number of asset objects unloaded after import = 46
========================================================================
Received Import Request.
  Time since last request: 51.748039 seconds.
  path: Assets/Resources/UI/UIShopItem.prefab
  artifactKey: Guid(59ab8ca0e3b5bd2488aad1932dd4c8a7) Importer(815301076,1909f56bfc062723c751e8b465ee728b)
Start importing Assets/Resources/UI/UIShopItem.prefab using Guid(59ab8ca0e3b5bd2488aad1932dd4c8a7) Importer(815301076,1909f56bfc062723c751e8b465ee728b)  -> (artifact id: 'd210f0e8b9179f9e632fc68b7631e391') in 0.265379 seconds
Number of updated asset objects reloaded before import = 0
Number of asset objects unloaded after import = 54
========================================================================
Received Import Request.
  Time since last request: 6.669603 seconds.
  path: Assets/Resources/UI/UIShopItem.prefab
  artifactKey: Guid(59ab8ca0e3b5bd2488aad1932dd4c8a7) Importer(815301076,1909f56bfc062723c751e8b465ee728b)
Start importing Assets/Resources/UI/UIShopItem.prefab using Guid(59ab8ca0e3b5bd2488aad1932dd4c8a7) Importer(815301076,1909f56bfc062723c751e8b465ee728b)  -> (artifact id: '4979b6e7840eae56cbbbf14f44605046') in 0.265899 seconds
Number of updated asset objects reloaded before import = 0
Number of asset objects unloaded after import = 54
========================================================================
Received Import Request.
  Time since last request: 8.630386 seconds.
  path: Assets/Resources/UI/UIShopItem.prefab
  artifactKey: Guid(59ab8ca0e3b5bd2488aad1932dd4c8a7) Importer(815301076,1909f56bfc062723c751e8b465ee728b)
Start importing Assets/Resources/UI/UIShopItem.prefab using Guid(59ab8ca0e3b5bd2488aad1932dd4c8a7) Importer(815301076,1909f56bfc062723c751e8b465ee728b)  -> (artifact id: 'cc9ccec7236ecf7718d37f35b3d02d22') in 0.226269 seconds
Number of updated asset objects reloaded before import = 0
Number of asset objects unloaded after import = 54
========================================================================
Received Import Request.
  Time since last request: 15.367999 seconds.
  path: Assets/Resources/UI/UIShopItem.prefab
  artifactKey: Guid(59ab8ca0e3b5bd2488aad1932dd4c8a7) Importer(815301076,1909f56bfc062723c751e8b465ee728b)
Start importing Assets/Resources/UI/UIShopItem.prefab using Guid(59ab8ca0e3b5bd2488aad1932dd4c8a7) Importer(815301076,1909f56bfc062723c751e8b465ee728b)  -> (artifact id: 'b34dc98250974c3d0fac3c4bf1526bbe') in 0.383080 seconds
Number of updated asset objects reloaded before import = 0
Number of asset objects unloaded after import = 54
========================================================================
Received Import Request.
  Time since last request: 3.311199 seconds.
  path: Assets/Resources/UI/UIShopItem.prefab
  artifactKey: Guid(59ab8ca0e3b5bd2488aad1932dd4c8a7) Importer(815301076,1909f56bfc062723c751e8b465ee728b)
Start importing Assets/Resources/UI/UIShopItem.prefab using Guid(59ab8ca0e3b5bd2488aad1932dd4c8a7) Importer(815301076,1909f56bfc062723c751e8b465ee728b)  -> (artifact id: '38b0ef8009ab7558318e601bff3533b6') in 0.263994 seconds
Number of updated asset objects reloaded before import = 0
Number of asset objects unloaded after import = 54
========================================================================
Received Import Request.
  Time since last request: 6.320182 seconds.
  path: Assets/Resources/UI/UIShopItem.prefab
  artifactKey: Guid(59ab8ca0e3b5bd2488aad1932dd4c8a7) Importer(815301076,1909f56bfc062723c751e8b465ee728b)
Start importing Assets/Resources/UI/UIShopItem.prefab using Guid(59ab8ca0e3b5bd2488aad1932dd4c8a7) Importer(815301076,1909f56bfc062723c751e8b465ee728b)  -> (artifact id: 'b77c2b901be04eda0407fcf65871d540') in 0.401608 seconds
Number of updated asset objects reloaded before import = 0
Number of asset objects unloaded after import = 54
========================================================================
Received Prepare
Begin MonoManager ReloadAssembly
Duplicate assembly 'log4net.dll' with different versions detected, using 'Assets/References/log4net.dll, AssemblyName=log4net, Version=2.0.8.0, Culture=neutral, PublicKeyToken=null' and ignoring 'Packages/com.unity.collab-proxy/Lib/Editor/PlasticSCM/log4netPlastic.dll, AssemblyName=log4net, Version=1.2.15.0, Culture=neutral, PublicKeyToken=669e0ddf0bb1aa2a'.Duplicate assembly 'Newtonsoft.Json.dll' with different versions detected, using 'Packages/com.unity.nuget.newtonsoft-json/Runtime/Newtonsoft.Json.dll, AssemblyName=Newtonsoft.Json, Version=13.0.0.0, Culture=neutral, PublicKeyToken=30ad4fe6b2a6aeed' and ignoring 'Assets/JsonDotNet/Assemblies/Standalone/Newtonsoft.Json.dll, AssemblyName=Newtonsoft.Json, Version=8.0.0.0, Culture=neutral, PublicKeyToken=null'.Symbol file LoadedFromMemory is not a mono symbol file
Symbol file LoadedFromMemory is not a mono symbol file
Symbol file LoadedFromMemory is not a mono symbol file
- Loaded All Assemblies, in  3.568 seconds
Refreshing native plugins compatible for Editor in 57.77 ms, found 2 plugins.
Native extension for WindowsStandalone target not found
Native extension for Android target not found
[Package Manager] Server::EnsureServerProcessIsRunning -- launch failed, reason: Unity was launched with the -noUpm command-line argument
[Package Manager] UpmClient::Send -- Unable to send message (not connected to UPM process).
[Package Manager] Cannot connect to Unity Package Manager local server
Mono: successfully reloaded assembly
- Finished resetting the current domain, in  3.245 seconds
Domain Reload Profiling: 6782ms
	BeginReloadAssembly (1501ms)
		ExecutionOrderSort (1ms)
		DisableScriptedObjects (86ms)
		BackupInstance (0ms)
		ReleaseScriptingObjects (0ms)
		CreateAndSetChildDomain (805ms)
	RebuildCommonClasses (66ms)
	RebuildNativeTypeToScriptingClass (18ms)
	initialDomainReloadingComplete (103ms)
	LoadAllAssembliesAndSetupDomain (1848ms)
		LoadAssemblies (2078ms)
		RebuildTransferFunctionScriptingTraits (0ms)
		AnalyzeDomain (174ms)
			TypeCache.Refresh (127ms)
				TypeCache.ScanAssembly (80ms)
			ScanForSourceGeneratedMonoScriptInfo (37ms)
			ResolveRequiredComponents (7ms)
	FinalizeReload (3246ms)
		ReleaseScriptCaches (0ms)
		RebuildScriptCaches (0ms)
		SetupLoadedEditorAssemblies (1257ms)
			LogAssemblyErrors (0ms)
			InitializePlatformSupportModulesInManaged (51ms)
			SetLoadedEditorAssemblies (11ms)
			RefreshPlugins (0ms)
			BeforeProcessingInitializeOnLoad (154ms)
			ProcessInitializeOnLoadAttributes (784ms)
			ProcessInitializeOnLoadMethodAttributes (231ms)
			AfterProcessingInitializeOnLoad (24ms)
			EditorAssembliesLoaded (1ms)
		ExecutionOrderSort2 (0ms)
		AwakeInstancesAfterBackupRestoration (10ms)
Refreshing native plugins compatible for Editor in 54.07 ms, found 2 plugins.
Preloading 0 native plugins for Editor in 0.00 ms.
Unloading 2702 Unused Serialized files (Serialized files now loaded: 0)
Unloading 62 unused Assets / (362.1 KB). Loaded Objects now: 3248.
Memory consumption went from 134.9 MB to 134.6 MB.
Total: 16.024900 ms (FindLiveObjects: 0.260100 ms CreateObjectMapping: 0.201700 ms MarkObjects: 14.917500 ms  DeleteObjects: 0.644100 ms)

Prepare: number of updated asset objects reloaded= 0
AssetImportParameters requested are different than current active one (requested -> active):
  custom:video-decoder-webm-vp8: 9c59270c3fd7afecdb556c50c9e8de78 -> 
  custom:SearchIndexIgnoredProperties: e643bd26f0fe6173181afceb89e7c659 -> 
  custom:container-demuxer-ogg: 62fdf1f143b41e24485cea50d1cbac27 -> 
  custom:AudioImporter_EditorPlatform: d09bf68614088b80899f8185d706f6e7 -> 
  custom:video-codec-MediaFoundation-h265: 746d11721c4dcdbdad8f713fa42b33f4 -> 
  custom:video-decoder-ogg-theora: a1e56fd34408186e4bbccfd4996cb3dc -> 
  custom:framework-win-MediaFoundation: 216162199b28c13a410421893ffa2e32 -> 
  custom:video-encoder-webm-vp8: eb34c28f22e8b96e1ab97ce403110664 -> 
  custom:audio-decoder-ogg-vorbis: bf7c407c2cedff20999df2af8eb42d56 -> 
  custom:CustomObjectIndexerAttribute: 9a22284fe3817be447336de3de66b15e -> 
  custom:container-demuxer-webm: 4f35f7cbe854078d1ac9338744f61a02 -> 
  custom:audio-encoder-webm-vorbis: bf7c407c2cedff20999df2af8eb42d56 -> 
  custom:container-muxer-webm: aa71ff27fc2769a1b78a27578f13a17b -> 
========================================================================
Received Import Request.
  Time since last request: 2092.901534 seconds.
  path: Assets/Resources/UI/UIEquipItem.prefab
  artifactKey: Guid(463346b27f3eac649a21aa6f27cef1da) Importer(815301076,1909f56bfc062723c751e8b465ee728b)
Start importing Assets/Resources/UI/UIEquipItem.prefab using Guid(463346b27f3eac649a21aa6f27cef1da) Importer(815301076,1909f56bfc062723c751e8b465ee728b)  -> (artifact id: 'cb4e7282e56609c78f6ae965b7edc6ef') in 0.616583 seconds
Number of updated asset objects reloaded before import = 0
Number of asset objects unloaded after import = 46
========================================================================
Received Import Request.
  Time since last request: 0.000076 seconds.
  path: Assets/Resources/UI/UIShopItem.prefab
  artifactKey: Guid(59ab8ca0e3b5bd2488aad1932dd4c8a7) Importer(815301076,1909f56bfc062723c751e8b465ee728b)
Start importing Assets/Resources/UI/UIShopItem.prefab using Guid(59ab8ca0e3b5bd2488aad1932dd4c8a7) Importer(815301076,1909f56bfc062723c751e8b465ee728b)  -> (artifact id: 'a34e63c62295322bd14ebb97a1260db7') in 0.378325 seconds
Number of updated asset objects reloaded before import = 0
Number of asset objects unloaded after import = 54
========================================================================
Received Import Request.
  Time since last request: 9.882782 seconds.
  path: Assets/Resources/UI/UIEquipItem.prefab
  artifactKey: Guid(463346b27f3eac649a21aa6f27cef1da) Importer(815301076,1909f56bfc062723c751e8b465ee728b)
Start importing Assets/Resources/UI/UIEquipItem.prefab using Guid(463346b27f3eac649a21aa6f27cef1da) Importer(815301076,1909f56bfc062723c751e8b465ee728b)  -> (artifact id: 'c593a8b6457e5623e66531cbee9c0e0d') in 0.313614 seconds
Number of updated asset objects reloaded before import = 0
Number of asset objects unloaded after import = 46
========================================================================
Received Import Request.
  Time since last request: 6.563116 seconds.
  path: Assets/Resources/UI/UIEquipItem.prefab
  artifactKey: Guid(463346b27f3eac649a21aa6f27cef1da) Importer(815301076,1909f56bfc062723c751e8b465ee728b)
Start importing Assets/Resources/UI/UIEquipItem.prefab using Guid(463346b27f3eac649a21aa6f27cef1da) Importer(815301076,1909f56bfc062723c751e8b465ee728b)  -> (artifact id: 'f05546f4452309f70d3fd8a3489fc268') in 0.286588 seconds
Number of updated asset objects reloaded before import = 0
Number of asset objects unloaded after import = 46
========================================================================
Received Import Request.
  Time since last request: 22.997677 seconds.
  path: Assets/Resources/UI/UIRideItem.prefab
  artifactKey: Guid(4d6286c6a01c64f4e8f813aae9264ac4) Importer(815301076,1909f56bfc062723c751e8b465ee728b)
Start importing Assets/Resources/UI/UIRideItem.prefab using Guid(4d6286c6a01c64f4e8f813aae9264ac4) Importer(815301076,1909f56bfc062723c751e8b465ee728b)  -> (artifact id: 'ac0b2618a64638b89d46f3a3d4bda36d') in 0.301467 seconds
Number of updated asset objects reloaded before import = 0
Number of asset objects unloaded after import = 41
========================================================================
Received Import Request.
  Time since last request: 10.968585 seconds.
  path: Assets/Resources/UI/UIRideItem.prefab
  artifactKey: Guid(4d6286c6a01c64f4e8f813aae9264ac4) Importer(815301076,1909f56bfc062723c751e8b465ee728b)
Start importing Assets/Resources/UI/UIRideItem.prefab using Guid(4d6286c6a01c64f4e8f813aae9264ac4) Importer(815301076,1909f56bfc062723c751e8b465ee728b)  -> (artifact id: '463cc8371af627d5971be50d8413a7f0') in 0.276927 seconds
Number of updated asset objects reloaded before import = 0
Number of asset objects unloaded after import = 41
========================================================================
Received Import Request.
  Time since last request: 7.329873 seconds.
  path: Assets/Resources/UI/UIShopItem.prefab
  artifactKey: Guid(59ab8ca0e3b5bd2488aad1932dd4c8a7) Importer(815301076,1909f56bfc062723c751e8b465ee728b)
Start importing Assets/Resources/UI/UIShopItem.prefab using Guid(59ab8ca0e3b5bd2488aad1932dd4c8a7) Importer(815301076,1909f56bfc062723c751e8b465ee728b)  -> (artifact id: '171f96a1e120a2f5feaa8596be82348d') in 0.332768 seconds
Number of updated asset objects reloaded before import = 0
Number of asset objects unloaded after import = 54
========================================================================
Received Import Request.
  Time since last request: 2.763969 seconds.
  path: Assets/Resources/UI/UIShopItem.prefab
  artifactKey: Guid(59ab8ca0e3b5bd2488aad1932dd4c8a7) Importer(815301076,1909f56bfc062723c751e8b465ee728b)
Start importing Assets/Resources/UI/UIShopItem.prefab using Guid(59ab8ca0e3b5bd2488aad1932dd4c8a7) Importer(815301076,1909f56bfc062723c751e8b465ee728b)  -> (artifact id: '233b2a9a852d1b6bdadc8855ebf8dea2') in 0.322936 seconds
Number of updated asset objects reloaded before import = 0
Number of asset objects unloaded after import = 54
========================================================================
Received Import Request.
  Time since last request: 2.203395 seconds.
  path: Assets/Resources/UI/UIShopItem.prefab
  artifactKey: Guid(59ab8ca0e3b5bd2488aad1932dd4c8a7) Importer(815301076,1909f56bfc062723c751e8b465ee728b)
Start importing Assets/Resources/UI/UIShopItem.prefab using Guid(59ab8ca0e3b5bd2488aad1932dd4c8a7) Importer(815301076,1909f56bfc062723c751e8b465ee728b)  -> (artifact id: 'd1e2444c4d1c3a0aebc5004df2a1d27a') in 0.287768 seconds
Number of updated asset objects reloaded before import = 0
Number of asset objects unloaded after import = 54
========================================================================
Received Import Request.
  Time since last request: 16.712153 seconds.
  path: Assets/Resources/UI/UIShopItem.prefab
  artifactKey: Guid(59ab8ca0e3b5bd2488aad1932dd4c8a7) Importer(815301076,1909f56bfc062723c751e8b465ee728b)
Start importing Assets/Resources/UI/UIShopItem.prefab using Guid(59ab8ca0e3b5bd2488aad1932dd4c8a7) Importer(815301076,1909f56bfc062723c751e8b465ee728b)  -> (artifact id: 'f1e387ab14046a52f7c383657c1d004c') in 0.291926 seconds
Number of updated asset objects reloaded before import = 0
Number of asset objects unloaded after import = 54
========================================================================
Received Import Request.
  Time since last request: 16.431552 seconds.
  path: Assets/Resources/UI/UIBagItem.prefab
  artifactKey: Guid(feca633c5a9291e49a98d02d0ebd2275) Importer(815301076,1909f56bfc062723c751e8b465ee728b)
Start importing Assets/Resources/UI/UIBagItem.prefab using Guid(feca633c5a9291e49a98d02d0ebd2275) Importer(815301076,1909f56bfc062723c751e8b465ee728b)  -> (artifact id: 'ae9711c3e8e1f8a2a9a0fbeba3bf042a') in 0.272890 seconds
Number of updated asset objects reloaded before import = 0
Number of asset objects unloaded after import = 17
========================================================================
Received Import Request.
  Time since last request: 36.542645 seconds.
  path: Assets/Resources/UI/UIBagItem.prefab
  artifactKey: Guid(feca633c5a9291e49a98d02d0ebd2275) Importer(815301076,1909f56bfc062723c751e8b465ee728b)
Start importing Assets/Resources/UI/UIBagItem.prefab using Guid(feca633c5a9291e49a98d02d0ebd2275) Importer(815301076,1909f56bfc062723c751e8b465ee728b)  -> (artifact id: '47798110feb0ee8290186424524b4eb0') in 0.289667 seconds
Number of updated asset objects reloaded before import = 0
Number of asset objects unloaded after import = 17
========================================================================
Received Import Request.
  Time since last request: 1.192898 seconds.
  path: Assets/Resources/UI/UIBagItem.prefab
  artifactKey: Guid(feca633c5a9291e49a98d02d0ebd2275) Importer(815301076,1909f56bfc062723c751e8b465ee728b)
Start importing Assets/Resources/UI/UIBagItem.prefab using Guid(feca633c5a9291e49a98d02d0ebd2275) Importer(815301076,1909f56bfc062723c751e8b465ee728b)  -> (artifact id: '193e5d911c91e81199a5bea7c279124a') in 0.263296 seconds
Number of updated asset objects reloaded before import = 0
Number of asset objects unloaded after import = 17
========================================================================
Received Import Request.
  Time since last request: 11.108479 seconds.
  path: Assets/Resources/UI/UIBagItem.prefab
  artifactKey: Guid(feca633c5a9291e49a98d02d0ebd2275) Importer(815301076,1909f56bfc062723c751e8b465ee728b)
Start importing Assets/Resources/UI/UIBagItem.prefab using Guid(feca633c5a9291e49a98d02d0ebd2275) Importer(815301076,1909f56bfc062723c751e8b465ee728b)  -> (artifact id: 'f62e63724764e70d93b4c107a4d48c2f') in 0.272145 seconds
Number of updated asset objects reloaded before import = 0
Number of asset objects unloaded after import = 19
========================================================================
Received Import Request.
  Time since last request: 6.390764 seconds.
  path: Assets/Resources/UI/UIBagItem.prefab
  artifactKey: Guid(feca633c5a9291e49a98d02d0ebd2275) Importer(815301076,1909f56bfc062723c751e8b465ee728b)
Start importing Assets/Resources/UI/UIBagItem.prefab using Guid(feca633c5a9291e49a98d02d0ebd2275) Importer(815301076,1909f56bfc062723c751e8b465ee728b)  -> (artifact id: 'c348302e07b0fc8d6009cb94298d31c2') in 0.283858 seconds
Number of updated asset objects reloaded before import = 0
Number of asset objects unloaded after import = 19
========================================================================
Received Import Request.
  Time since last request: 2.999192 seconds.
  path: Assets/Resources/UI/UIBagItem.prefab
  artifactKey: Guid(feca633c5a9291e49a98d02d0ebd2275) Importer(815301076,1909f56bfc062723c751e8b465ee728b)
Start importing Assets/Resources/UI/UIBagItem.prefab using Guid(feca633c5a9291e49a98d02d0ebd2275) Importer(815301076,1909f56bfc062723c751e8b465ee728b)  -> (artifact id: '3fc774bc1f7496ca6a07725106132ed9') in 0.310174 seconds
Number of updated asset objects reloaded before import = 0
Number of asset objects unloaded after import = 19
========================================================================
Received Import Request.
  Time since last request: 43.417635 seconds.
  path: Assets/Resources/UI/UIBagItem.prefab
  artifactKey: Guid(feca633c5a9291e49a98d02d0ebd2275) Importer(815301076,1909f56bfc062723c751e8b465ee728b)
Start importing Assets/Resources/UI/UIBagItem.prefab using Guid(feca633c5a9291e49a98d02d0ebd2275) Importer(815301076,1909f56bfc062723c751e8b465ee728b)  -> (artifact id: '36e5a21518c9c662ffeb59aa1e72fe11') in 0.269323 seconds
Number of updated asset objects reloaded before import = 0
Number of asset objects unloaded after import = 21
========================================================================
Received Import Request.
  Time since last request: 9.206078 seconds.
  path: Assets/Resources/UI/UIBagItem.prefab
  artifactKey: Guid(feca633c5a9291e49a98d02d0ebd2275) Importer(815301076,1909f56bfc062723c751e8b465ee728b)
Start importing Assets/Resources/UI/UIBagItem.prefab using Guid(feca633c5a9291e49a98d02d0ebd2275) Importer(815301076,1909f56bfc062723c751e8b465ee728b)  -> (artifact id: '20c44680783f4261aed70b1ca479b6cd') in 0.279131 seconds
Number of updated asset objects reloaded before import = 0
Number of asset objects unloaded after import = 20
========================================================================
Received Import Request.
  Time since last request: 27.032050 seconds.
  path: Assets/Resources/UI/UIBagItem.prefab
  artifactKey: Guid(feca633c5a9291e49a98d02d0ebd2275) Importer(815301076,1909f56bfc062723c751e8b465ee728b)
Start importing Assets/Resources/UI/UIBagItem.prefab using Guid(feca633c5a9291e49a98d02d0ebd2275) Importer(815301076,1909f56bfc062723c751e8b465ee728b)  -> (artifact id: '53370bb5d9803bf1676b54d7d26f5f59') in 0.266784 seconds
Number of updated asset objects reloaded before import = 0
Number of asset objects unloaded after import = 24
========================================================================
Received Import Request.
  Time since last request: 4.167884 seconds.
  path: Assets/Resources/UI/UIBagItem.prefab
  artifactKey: Guid(feca633c5a9291e49a98d02d0ebd2275) Importer(815301076,1909f56bfc062723c751e8b465ee728b)
Start importing Assets/Resources/UI/UIBagItem.prefab using Guid(feca633c5a9291e49a98d02d0ebd2275) Importer(815301076,1909f56bfc062723c751e8b465ee728b)  -> (artifact id: '27ab26dd2412e41416ffc1cddb0055af') in 0.305498 seconds
Number of updated asset objects reloaded before import = 0
Number of asset objects unloaded after import = 19
========================================================================
Received Import Request.
  Time since last request: 2.324180 seconds.
  path: Assets/Resources/UI/UIBagItem.prefab
  artifactKey: Guid(feca633c5a9291e49a98d02d0ebd2275) Importer(815301076,1909f56bfc062723c751e8b465ee728b)
Start importing Assets/Resources/UI/UIBagItem.prefab using Guid(feca633c5a9291e49a98d02d0ebd2275) Importer(815301076,1909f56bfc062723c751e8b465ee728b)  -> (artifact id: 'dfb9345d1b04f867df3c0dd6784c49d6') in 0.296624 seconds
Number of updated asset objects reloaded before import = 0
Number of asset objects unloaded after import = 19
========================================================================
Received Import Request.
  Time since last request: 6.206079 seconds.
  path: Assets/Resources/UI/UIBagItem.prefab
  artifactKey: Guid(feca633c5a9291e49a98d02d0ebd2275) Importer(815301076,1909f56bfc062723c751e8b465ee728b)
Start importing Assets/Resources/UI/UIBagItem.prefab using Guid(feca633c5a9291e49a98d02d0ebd2275) Importer(815301076,1909f56bfc062723c751e8b465ee728b)  -> (artifact id: '6a678c0809f140a3d30a93bf4ecb05fc') in 0.278398 seconds
Number of updated asset objects reloaded before import = 0
Number of asset objects unloaded after import = 19
========================================================================
Received Import Request.
  Time since last request: 10.682357 seconds.
  path: Assets/Resources/UI/UIBagItem.prefab
  artifactKey: Guid(feca633c5a9291e49a98d02d0ebd2275) Importer(815301076,1909f56bfc062723c751e8b465ee728b)
Start importing Assets/Resources/UI/UIBagItem.prefab using Guid(feca633c5a9291e49a98d02d0ebd2275) Importer(815301076,1909f56bfc062723c751e8b465ee728b)  -> (artifact id: 'e200e164b6ee3778e751506e7d76f2a4') in 0.266110 seconds
Number of updated asset objects reloaded before import = 0
Number of asset objects unloaded after import = 19
========================================================================
Received Import Request.
  Time since last request: 9.892717 seconds.
  path: Assets/Resources/UI/UIBagItem.prefab
  artifactKey: Guid(feca633c5a9291e49a98d02d0ebd2275) Importer(815301076,1909f56bfc062723c751e8b465ee728b)
Start importing Assets/Resources/UI/UIBagItem.prefab using Guid(feca633c5a9291e49a98d02d0ebd2275) Importer(815301076,1909f56bfc062723c751e8b465ee728b)  -> (artifact id: '318a11ca8dd8cd0ff533a5ac2ea7eeff') in 0.270118 seconds
Number of updated asset objects reloaded before import = 0
Number of asset objects unloaded after import = 19
========================================================================
Received Import Request.
  Time since last request: 5.373958 seconds.
  path: Assets/Resources/UI/UIBagItem.prefab
  artifactKey: Guid(feca633c5a9291e49a98d02d0ebd2275) Importer(815301076,1909f56bfc062723c751e8b465ee728b)
Start importing Assets/Resources/UI/UIBagItem.prefab using Guid(feca633c5a9291e49a98d02d0ebd2275) Importer(815301076,1909f56bfc062723c751e8b465ee728b)  -> (artifact id: 'd6b3ec56eae8d68e9394cc4c0f4aba70') in 0.299033 seconds
Number of updated asset objects reloaded before import = 0
Number of asset objects unloaded after import = 19
========================================================================
Received Import Request.
  Time since last request: 7.652794 seconds.
  path: Assets/Resources/UI/UIBagItem.prefab
  artifactKey: Guid(feca633c5a9291e49a98d02d0ebd2275) Importer(815301076,1909f56bfc062723c751e8b465ee728b)
Start importing Assets/Resources/UI/UIBagItem.prefab using Guid(feca633c5a9291e49a98d02d0ebd2275) Importer(815301076,1909f56bfc062723c751e8b465ee728b)  -> (artifact id: '488d7bef95e66b9917cf5182cb080bc6') in 0.266489 seconds
Number of updated asset objects reloaded before import = 0
Number of asset objects unloaded after import = 19
========================================================================
Received Import Request.
  Time since last request: 8.197837 seconds.
  path: Assets/Resources/UI/UIBagItem.prefab
  artifactKey: Guid(feca633c5a9291e49a98d02d0ebd2275) Importer(815301076,1909f56bfc062723c751e8b465ee728b)
Start importing Assets/Resources/UI/UIBagItem.prefab using Guid(feca633c5a9291e49a98d02d0ebd2275) Importer(815301076,1909f56bfc062723c751e8b465ee728b)  -> (artifact id: '7d98f054fcd0c3a5189449adc59b9f93') in 0.278959 seconds
Number of updated asset objects reloaded before import = 0
Number of asset objects unloaded after import = 19
========================================================================
Received Import Request.
  Time since last request: 32.158925 seconds.
  path: Assets/Resources/UI/UIBagItem.prefab
  artifactKey: Guid(feca633c5a9291e49a98d02d0ebd2275) Importer(815301076,1909f56bfc062723c751e8b465ee728b)
Start importing Assets/Resources/UI/UIBagItem.prefab using Guid(feca633c5a9291e49a98d02d0ebd2275) Importer(815301076,1909f56bfc062723c751e8b465ee728b)  -> (artifact id: '1a3f77607904208b2a94dc58ec2747dc') in 0.244729 seconds
Number of updated asset objects reloaded before import = 0
Number of asset objects unloaded after import = 17
========================================================================
Received Import Request.
  Time since last request: 3.232733 seconds.
  path: Assets/Resources/UI/UIBagItem.prefab
  artifactKey: Guid(feca633c5a9291e49a98d02d0ebd2275) Importer(815301076,1909f56bfc062723c751e8b465ee728b)
Start importing Assets/Resources/UI/UIBagItem.prefab using Guid(feca633c5a9291e49a98d02d0ebd2275) Importer(815301076,1909f56bfc062723c751e8b465ee728b)  -> (artifact id: '1cbb1d2aa6ce8fdc6f84bcf6b35d723d') in 0.252776 seconds
Number of updated asset objects reloaded before import = 0
Number of asset objects unloaded after import = 21
========================================================================
Received Import Request.
  Time since last request: 6.815262 seconds.
  path: Assets/Resources/UI/UIBagItem.prefab
  artifactKey: Guid(feca633c5a9291e49a98d02d0ebd2275) Importer(815301076,1909f56bfc062723c751e8b465ee728b)
Start importing Assets/Resources/UI/UIBagItem.prefab using Guid(feca633c5a9291e49a98d02d0ebd2275) Importer(815301076,1909f56bfc062723c751e8b465ee728b)  -> (artifact id: 'bf3f4c7141ea2aa548a020b5f07a1a82') in 0.261819 seconds
Number of updated asset objects reloaded before import = 0
Number of asset objects unloaded after import = 21
========================================================================
Received Import Request.
  Time since last request: 3.379189 seconds.
  path: Assets/Resources/UI/UIBagItem.prefab
  artifactKey: Guid(feca633c5a9291e49a98d02d0ebd2275) Importer(815301076,1909f56bfc062723c751e8b465ee728b)
Start importing Assets/Resources/UI/UIBagItem.prefab using Guid(feca633c5a9291e49a98d02d0ebd2275) Importer(815301076,1909f56bfc062723c751e8b465ee728b)  -> (artifact id: '471ec9f7bbdaab8cd7c85864fec3ed0d') in 0.240378 seconds
Number of updated asset objects reloaded before import = 0
Number of asset objects unloaded after import = 21
========================================================================
Received Import Request.
  Time since last request: 4.091388 seconds.
  path: Assets/Resources/UI/UIBagItem.prefab
  artifactKey: Guid(feca633c5a9291e49a98d02d0ebd2275) Importer(815301076,1909f56bfc062723c751e8b465ee728b)
Start importing Assets/Resources/UI/UIBagItem.prefab using Guid(feca633c5a9291e49a98d02d0ebd2275) Importer(815301076,1909f56bfc062723c751e8b465ee728b)  -> (artifact id: '7e9f15bb6764910930b3f9e5f868294f') in 0.226961 seconds
Number of updated asset objects reloaded before import = 0
Number of asset objects unloaded after import = 21
========================================================================
Received Import Request.
  Time since last request: 2.231878 seconds.
  path: Assets/Resources/UI/UIBagItem.prefab
  artifactKey: Guid(feca633c5a9291e49a98d02d0ebd2275) Importer(815301076,1909f56bfc062723c751e8b465ee728b)
Start importing Assets/Resources/UI/UIBagItem.prefab using Guid(feca633c5a9291e49a98d02d0ebd2275) Importer(815301076,1909f56bfc062723c751e8b465ee728b)  -> (artifact id: 'd8f63c50f5fce2fb47fe33302866f1d9') in 0.242607 seconds
Number of updated asset objects reloaded before import = 0
Number of asset objects unloaded after import = 21
========================================================================
Received Import Request.
  Time since last request: 13.862144 seconds.
  path: Assets/Resources/UI/UIEquipIcon.prefab
  artifactKey: Guid(efb4fcb7521a6cd49be1c071b9a96aa9) Importer(815301076,1909f56bfc062723c751e8b465ee728b)
Start importing Assets/Resources/UI/UIEquipIcon.prefab using Guid(efb4fcb7521a6cd49be1c071b9a96aa9) Importer(815301076,1909f56bfc062723c751e8b465ee728b)  -> (artifact id: '1d9aabc5107e94b0c125a31bbc2638f8') in 0.003834 seconds
Number of updated asset objects reloaded before import = 0
Number of asset objects unloaded after import = 11
========================================================================
Received Import Request.
  Time since last request: 0.003432 seconds.
  path: Assets/Resources/UI/UIQuestDialog.prefab
  artifactKey: Guid(8ac21bf02e7979d49b1db650290680bf) Importer(815301076,1909f56bfc062723c751e8b465ee728b)
Start importing Assets/Resources/UI/UIQuestDialog.prefab using Guid(8ac21bf02e7979d49b1db650290680bf) Importer(815301076,1909f56bfc062723c751e8b465ee728b)  -> (artifact id: '18c1204ac0d9b96799d5b35a9c1bf5bb') in 0.261318 seconds
Number of updated asset objects reloaded before import = 0
Number of asset objects unloaded after import = 172
========================================================================
Received Import Request.
  Time since last request: 0.000019 seconds.
  path: Assets/Resources/UI/UIStory.prefab
  artifactKey: Guid(ec3d4dbf92ffe9c478cf661799495945) Importer(815301076,1909f56bfc062723c751e8b465ee728b)
Start importing Assets/Resources/UI/UIStory.prefab using Guid(ec3d4dbf92ffe9c478cf661799495945) Importer(815301076,1909f56bfc062723c751e8b465ee728b)  -> (artifact id: 'e50f0e69d76bbb116ae71e37847623d0') in 0.238042 seconds
Number of updated asset objects reloaded before import = 0
Number of asset objects unloaded after import = 154
========================================================================
Received Import Request.
  Time since last request: 7.269606 seconds.
  path: Assets/TextMesh Pro/Examples & Extras/Resources/Sprite Assets/Default Sprite Asset.asset
  artifactKey: Guid(fbef3c704dce48f08a44612d6c856c8d) Importer(815301076,1909f56bfc062723c751e8b465ee728b)
Start importing Assets/TextMesh Pro/Examples & Extras/Resources/Sprite Assets/Default Sprite Asset.asset using Guid(fbef3c704dce48f08a44612d6c856c8d) Importer(815301076,1909f56bfc062723c751e8b465ee728b)  -> (artifact id: '95ff0a8cd89540d2d84e3db5502836ab') in 0.005424 seconds
Number of updated asset objects reloaded before import = 0
Number of asset objects unloaded after import = 3
========================================================================
Received Import Request.
  Time since last request: 0.000018 seconds.
  path: Assets/FX/Texture2D/fire/fire_White_uv 1.png
  artifactKey: Guid(7225e21fcef6d8b4ea169d22db948507) Importer(815301076,1909f56bfc062723c751e8b465ee728b)
Start importing Assets/FX/Texture2D/fire/fire_White_uv 1.png using Guid(7225e21fcef6d8b4ea169d22db948507) Importer(815301076,1909f56bfc062723c751e8b465ee728b)  -> (artifact id: '723e521a7f953725adaf58e7e5781e7d') in 0.035995 seconds
Number of updated asset objects reloaded before import = 0
Number of asset objects unloaded after import = 2
========================================================================
Received Import Request.
  Time since last request: 0.000019 seconds.
  path: Assets/FX/Texture2D/fire/Materials/fire_White_uv 1_mat.mat
  artifactKey: Guid(f78795368b85a8647a5c3e1f1103bcfa) Importer(815301076,1909f56bfc062723c751e8b465ee728b)
Start importing Assets/FX/Texture2D/fire/Materials/fire_White_uv 1_mat.mat using Guid(f78795368b85a8647a5c3e1f1103bcfa) Importer(815301076,1909f56bfc062723c751e8b465ee728b)  -> (artifact id: '179e59e4b55fa0750deff87d68a497f8') in 0.029494 seconds
Number of updated asset objects reloaded before import = 0
Number of asset objects unloaded after import = 2
========================================================================
Received Import Request.
  Time since last request: 7.075109 seconds.
  path: Assets/UI/Icons
  artifactKey: Guid(40a612a81fc5fdb4a85901fe659aa079) Importer(815301076,1909f56bfc062723c751e8b465ee728b)
Start importing Assets/UI/Icons using Guid(40a612a81fc5fdb4a85901fe659aa079) Importer(815301076,1909f56bfc062723c751e8b465ee728b)  -> (artifact id: 'b096e6e8685a689c5bacb932dbe03c5c') in 0.001110 seconds
Number of updated asset objects reloaded before import = 0
Number of asset objects unloaded after import = 0
========================================================================
Received Import Request.
  Time since last request: 3.352979 seconds.
  path: Assets/UI/Animations
  artifactKey: Guid(c45ad28f672d3014d9e76fad800ed848) Importer(815301076,1909f56bfc062723c751e8b465ee728b)
Start importing Assets/UI/Animations using Guid(c45ad28f672d3014d9e76fad800ed848) Importer(815301076,1909f56bfc062723c751e8b465ee728b)  -> (artifact id: 'c05eff5e4ed380430976f6944e8d48af') in 0.000881 seconds
Number of updated asset objects reloaded before import = 0
Number of asset objects unloaded after import = 0
========================================================================
Received Import Request.
  Time since last request: 1.721419 seconds.
  path: Assets/UI/Avatars
  artifactKey: Guid(2810f6da35502ab41869de0d985d0d9d) Importer(815301076,1909f56bfc062723c751e8b465ee728b)
Start importing Assets/UI/Avatars using Guid(2810f6da35502ab41869de0d985d0d9d) Importer(815301076,1909f56bfc062723c751e8b465ee728b)  -> (artifact id: '88ce5e1cbd4bc5b074a2700f46ed4287') in 0.000879 seconds
Number of updated asset objects reloaded before import = 0
Number of asset objects unloaded after import = 0
========================================================================
Received Import Request.
  Time since last request: 0.626710 seconds.
  path: Assets/UI/Common
  artifactKey: Guid(4c9eca7a727c9ca4ab896135da313602) Importer(815301076,1909f56bfc062723c751e8b465ee728b)
Start importing Assets/UI/Common using Guid(4c9eca7a727c9ca4ab896135da313602) Importer(815301076,1909f56bfc062723c751e8b465ee728b)  -> (artifact id: '74b4763488de99e775d8ec8b16aa023a') in 0.001587 seconds
Number of updated asset objects reloaded before import = 0
Number of asset objects unloaded after import = 0
========================================================================
Received Import Request.
  Time since last request: 0.911548 seconds.
  path: Assets/UI/Fonts
  artifactKey: Guid(6245fd0deff44044483918979ed14c55) Importer(815301076,1909f56bfc062723c751e8b465ee728b)
Start importing Assets/UI/Fonts using Guid(6245fd0deff44044483918979ed14c55) Importer(815301076,1909f56bfc062723c751e8b465ee728b)  -> (artifact id: 'e6db91ea75313120d7438bae2d0d775f') in 0.000825 seconds
Number of updated asset objects reloaded before import = 0
Number of asset objects unloaded after import = 0
========================================================================
Received Import Request.
  Time since last request: 0.059298 seconds.
  path: Assets/UI/Fonts/msyh.ttc
  artifactKey: Guid(9cdf50e78f84cd44498bdc93925ab83e) Importer(815301076,1909f56bfc062723c751e8b465ee728b)
Start importing Assets/UI/Fonts/msyh.ttc using Guid(9cdf50e78f84cd44498bdc93925ab83e) Importer(815301076,1909f56bfc062723c751e8b465ee728b)  -> (artifact id: '1a6401a3f403981dd4aa38e534dc7030') in 0.041339 seconds
Number of updated asset objects reloaded before import = 0
Number of asset objects unloaded after import = 4
========================================================================
Received Import Request.
  Time since last request: 0.000021 seconds.
  path: Assets/UI/Fonts/SIMYOU.TTF
  artifactKey: Guid(721c2ca643ff25e41ac39cd48714f38e) Importer(815301076,1909f56bfc062723c751e8b465ee728b)
Start importing Assets/UI/Fonts/SIMYOU.TTF using Guid(721c2ca643ff25e41ac39cd48714f38e) Importer(815301076,1909f56bfc062723c751e8b465ee728b)  -> (artifact id: '66dbe9cddfa32f0b83e6e97fdeda72e3') in 0.019907 seconds
Number of updated asset objects reloaded before import = 0
Number of asset objects unloaded after import = 4
========================================================================
Received Import Request.
  Time since last request: 2.136486 seconds.
  path: Assets/UI/Common/main_exp_colume.png
  artifactKey: Guid(b6f6e7651b3adba47bca871a81ccb921) Importer(815301076,1909f56bfc062723c751e8b465ee728b)
Start importing Assets/UI/Common/main_exp_colume.png using Guid(b6f6e7651b3adba47bca871a81ccb921) Importer(815301076,1909f56bfc062723c751e8b465ee728b)  -> (artifact id: 'f007af90ebaeb46c8760ff8cd450c6c1') in 0.019079 seconds
Number of updated asset objects reloaded before import = 0
Number of asset objects unloaded after import = 3
========================================================================
Received Import Request.
  Time since last request: 0.028565 seconds.
  path: Assets/UI/Common/main_icon_adventure.png
  artifactKey: Guid(093de04d1cfa80a4bb1d19af95e71a9e) Importer(815301076,1909f56bfc062723c751e8b465ee728b)
Start importing Assets/UI/Common/main_icon_adventure.png using Guid(093de04d1cfa80a4bb1d19af95e71a9e) Importer(815301076,1909f56bfc062723c751e8b465ee728b)  -> (artifact id: 'e847731e00acbe387a8f2bcc72618742') in 0.018207 seconds
Number of updated asset objects reloaded before import = 0
Number of asset objects unloaded after import = 3
========================================================================
Received Import Request.
  Time since last request: 0.334813 seconds.
  path: Assets/UI/Common/main_icon_char.png
  artifactKey: Guid(5d1855aa51021c34faeff5eb9d753842) Importer(815301076,1909f56bfc062723c751e8b465ee728b)
Start importing Assets/UI/Common/main_icon_char.png using Guid(5d1855aa51021c34faeff5eb9d753842) Importer(815301076,1909f56bfc062723c751e8b465ee728b)  -> (artifact id: '5dac6c421e8fc45f8e43d4ec18ba0d52') in 0.013043 seconds
Number of updated asset objects reloaded before import = 0
Number of asset objects unloaded after import = 3
========================================================================
Received Import Request.
  Time since last request: 0.029355 seconds.
  path: Assets/UI/Common/main_icon_ride.png
  artifactKey: Guid(a2fb644b38c4ad643896c2be1dca3ca1) Importer(815301076,1909f56bfc062723c751e8b465ee728b)
Start importing Assets/UI/Common/main_icon_ride.png using Guid(a2fb644b38c4ad643896c2be1dca3ca1) Importer(815301076,1909f56bfc062723c751e8b465ee728b)  -> (artifact id: '41cf4e6d445a75d53980087001d4f612') in 0.016569 seconds
Number of updated asset objects reloaded before import = 0
Number of asset objects unloaded after import = 3
========================================================================
Received Import Request.
  Time since last request: 0.000024 seconds.
  path: Assets/UI/Common/main_icon_slot.png
  artifactKey: Guid(f692d7e4a90144b4c98587dfa4d2c4b2) Importer(815301076,1909f56bfc062723c751e8b465ee728b)
Start importing Assets/UI/Common/main_icon_slot.png using Guid(f692d7e4a90144b4c98587dfa4d2c4b2) Importer(815301076,1909f56bfc062723c751e8b465ee728b)  -> (artifact id: 'bf0fe853c1c96bb5a078c727851818e3') in 0.017082 seconds
Number of updated asset objects reloaded before import = 0
Number of asset objects unloaded after import = 3
========================================================================
Received Import Request.
  Time since last request: 0.000030 seconds.
  path: Assets/UI/Common/main_minimap_bg.png
  artifactKey: Guid(29f529897ab117b4db7645ab5fc3a2ab) Importer(815301076,1909f56bfc062723c751e8b465ee728b)
Start importing Assets/UI/Common/main_minimap_bg.png using Guid(29f529897ab117b4db7645ab5fc3a2ab) Importer(815301076,1909f56bfc062723c751e8b465ee728b)  -> (artifact id: 'cae999a99242ac247223a93ea2c0c185') in 0.020095 seconds
Number of updated asset objects reloaded before import = 0
Number of asset objects unloaded after import = 3
========================================================================
Received Import Request.
  Time since last request: 7.975680 seconds.
  path: Assets/UI/Common/main_minimap_mask.png
  artifactKey: Guid(a0d00e3eed6782248b492eeedd1677c2) Importer(815301076,1909f56bfc062723c751e8b465ee728b)
Start importing Assets/UI/Common/main_minimap_mask.png using Guid(a0d00e3eed6782248b492eeedd1677c2) Importer(815301076,1909f56bfc062723c751e8b465ee728b)  -> (artifact id: '2dccae0fc17e15afa5f3fd17c098215a') in 0.017815 seconds
Number of updated asset objects reloaded before import = 0
Number of asset objects unloaded after import = 3
========================================================================
Received Import Request.
  Time since last request: 0.000036 seconds.
  path: Assets/UI/Common/main_scroll_bar.png
  artifactKey: Guid(9d17b4e83d67dc34abf576ed8494e94e) Importer(815301076,1909f56bfc062723c751e8b465ee728b)
Start importing Assets/UI/Common/main_scroll_bar.png using Guid(9d17b4e83d67dc34abf576ed8494e94e) Importer(815301076,1909f56bfc062723c751e8b465ee728b)  -> (artifact id: '6fd4b11abdceb6a9b39eafd04f32a2ea') in 0.016750 seconds
Number of updated asset objects reloaded before import = 0
Number of asset objects unloaded after import = 3
========================================================================
Received Import Request.
  Time since last request: 0.000029 seconds.
  path: Assets/UI/Common/main_small_btn_tri.png
  artifactKey: Guid(edeed291e23775c4ba60b8d93123fa75) Importer(815301076,1909f56bfc062723c751e8b465ee728b)
Start importing Assets/UI/Common/main_small_btn_tri.png using Guid(edeed291e23775c4ba60b8d93123fa75) Importer(815301076,1909f56bfc062723c751e8b465ee728b)  -> (artifact id: '4cae28194f903cd60e56117b62215a6d') in 0.016590 seconds
Number of updated asset objects reloaded before import = 0
Number of asset objects unloaded after import = 3
========================================================================
Received Import Request.
  Time since last request: 0.000025 seconds.
  path: Assets/UI/Common/main_scroll_btn.png
  artifactKey: Guid(d7a1c5f17553b8f40a753b263b3def59) Importer(815301076,1909f56bfc062723c751e8b465ee728b)
Start importing Assets/UI/Common/main_scroll_btn.png using Guid(d7a1c5f17553b8f40a753b263b3def59) Importer(815301076,1909f56bfc062723c751e8b465ee728b)  -> (artifact id: '59f20ce78452d703dd9afdeeb8bcb04e') in 0.017001 seconds
Number of updated asset objects reloaded before import = 0
Number of asset objects unloaded after import = 3
========================================================================
Received Import Request.
  Time since last request: 0.000028 seconds.
  path: Assets/UI/Common/split_02.png
  artifactKey: Guid(58c794b0e76adb04ebf20baf800beaf0) Importer(815301076,1909f56bfc062723c751e8b465ee728b)
Start importing Assets/UI/Common/split_02.png using Guid(58c794b0e76adb04ebf20baf800beaf0) Importer(815301076,1909f56bfc062723c751e8b465ee728b)  -> (artifact id: '7fd2ebf9b7dd7da8a50514d9eb1b2e4f') in 0.015455 seconds
Number of updated asset objects reloaded before import = 0
Number of asset objects unloaded after import = 3
========================================================================
Received Import Request.
  Time since last request: 0.245395 seconds.
  path: Assets/UI/Common/title_bg_hl.png
  artifactKey: Guid(40e2832c94cd80e40b8356555f069987) Importer(815301076,1909f56bfc062723c751e8b465ee728b)
Start importing Assets/UI/Common/title_bg_hl.png using Guid(40e2832c94cd80e40b8356555f069987) Importer(815301076,1909f56bfc062723c751e8b465ee728b)  -> (artifact id: '19bf8ab06c7e95b5289dacf6f250831f') in 0.016352 seconds
Number of updated asset objects reloaded before import = 0
Number of asset objects unloaded after import = 3
========================================================================
Received Import Request.
  Time since last request: 0.000051 seconds.
  path: Assets/UI/Common/ui_btton_1.png
  artifactKey: Guid(df9087d71a102254e996eb4f035fb401) Importer(815301076,1909f56bfc062723c751e8b465ee728b)
Start importing Assets/UI/Common/ui_btton_1.png using Guid(df9087d71a102254e996eb4f035fb401) Importer(815301076,1909f56bfc062723c751e8b465ee728b)  -> (artifact id: '6ba3afb3bbce320fefde24aab64e4dbc') in 0.016632 seconds
Number of updated asset objects reloaded before import = 0
Number of asset objects unloaded after import = 3
========================================================================
Received Import Request.
  Time since last request: 0.000021 seconds.
  path: Assets/UI/Common/ui_btton_m_2.png
  artifactKey: Guid(baa4133861b53784f960215d642f1290) Importer(815301076,1909f56bfc062723c751e8b465ee728b)
Start importing Assets/UI/Common/ui_btton_m_2.png using Guid(baa4133861b53784f960215d642f1290) Importer(815301076,1909f56bfc062723c751e8b465ee728b)  -> (artifact id: '20060652dbbe49dee1b4e2de59a738f6') in 0.016930 seconds
Number of updated asset objects reloaded before import = 0
Number of asset objects unloaded after import = 3
========================================================================
Received Import Request.
  Time since last request: 0.000022 seconds.
  path: Assets/UI/Common/ui_btton_m_1.png
  artifactKey: Guid(09a5fb85096d42543b627dfe05bd277d) Importer(815301076,1909f56bfc062723c751e8b465ee728b)
Start importing Assets/UI/Common/ui_btton_m_1.png using Guid(09a5fb85096d42543b627dfe05bd277d) Importer(815301076,1909f56bfc062723c751e8b465ee728b)  -> (artifact id: '1f3fd59d899c8f94b9139807549bd2e0') in 0.015227 seconds
Number of updated asset objects reloaded before import = 0
Number of asset objects unloaded after import = 3
========================================================================
Received Import Request.
  Time since last request: 0.072027 seconds.
  path: Assets/UI/Common/ui_btton_s_4.png
  artifactKey: Guid(52fe4950dca93ca4fb6000e0d58a4929) Importer(815301076,1909f56bfc062723c751e8b465ee728b)
Start importing Assets/UI/Common/ui_btton_s_4.png using Guid(52fe4950dca93ca4fb6000e0d58a4929) Importer(815301076,1909f56bfc062723c751e8b465ee728b)  -> (artifact id: '5871b313ca95a7b5ab85c5f29ac6eb39') in 0.015098 seconds
Number of updated asset objects reloaded before import = 0
Number of asset objects unloaded after import = 3
========================================================================
Received Import Request.
  Time since last request: 0.000028 seconds.
  path: Assets/UI/Common/ui_slider_bar.png
  artifactKey: Guid(f7c9e3f3ed1968340adf661881f22deb) Importer(815301076,1909f56bfc062723c751e8b465ee728b)
Start importing Assets/UI/Common/ui_slider_bar.png using Guid(f7c9e3f3ed1968340adf661881f22deb) Importer(815301076,1909f56bfc062723c751e8b465ee728b)  -> (artifact id: '1c25ff21207e21e36f419f23d7ee90e5') in 0.018102 seconds
Number of updated asset objects reloaded before import = 0
Number of asset objects unloaded after import = 3
========================================================================
Received Import Request.
  Time since last request: 0.000034 seconds.
  path: Assets/UI/Common/ui_toggle_off.png
  artifactKey: Guid(6050b53aaa53c344897a3fdd451f5d8c) Importer(815301076,1909f56bfc062723c751e8b465ee728b)
Start importing Assets/UI/Common/ui_toggle_off.png using Guid(6050b53aaa53c344897a3fdd451f5d8c) Importer(815301076,1909f56bfc062723c751e8b465ee728b)  -> (artifact id: 'd296fc202eaae9625abac174a460c93e') in 0.015742 seconds
Number of updated asset objects reloaded before import = 0
Number of asset objects unloaded after import = 3
========================================================================
Received Import Request.
  Time since last request: 0.000030 seconds.
  path: Assets/UI/Common/ui_close.png
  artifactKey: Guid(ae2e6abb0bc422e42a5b37d66fcf6d14) Importer(815301076,1909f56bfc062723c751e8b465ee728b)
Start importing Assets/UI/Common/ui_close.png using Guid(ae2e6abb0bc422e42a5b37d66fcf6d14) Importer(815301076,1909f56bfc062723c751e8b465ee728b)  -> (artifact id: '3b0a1f01ede616fd9b49cac07e582706') in 0.020233 seconds
Number of updated asset objects reloaded before import = 0
Number of asset objects unloaded after import = 3
========================================================================
Received Import Request.
  Time since last request: 10.638245 seconds.
  path: Assets/UI/Login/y1.png
  artifactKey: Guid(96a9b3cda9f41d248a0902e6130c6054) Importer(815301076,1909f56bfc062723c751e8b465ee728b)
Start importing Assets/UI/Login/y1.png using Guid(96a9b3cda9f41d248a0902e6130c6054) Importer(815301076,1909f56bfc062723c751e8b465ee728b)  -> (artifact id: '256ce217163e2228ae3649963212dbd2') in 0.015582 seconds
Number of updated asset objects reloaded before import = 0
Number of asset objects unloaded after import = 3
========================================================================
Received Import Request.
  Time since last request: 0.000020 seconds.
  path: Assets/UI/Login/zzz.PNG
  artifactKey: Guid(7b42d20d014c9c04b885143a2b3dd241) Importer(815301076,1909f56bfc062723c751e8b465ee728b)
Start importing Assets/UI/Login/zzz.PNG using Guid(7b42d20d014c9c04b885143a2b3dd241) Importer(815301076,1909f56bfc062723c751e8b465ee728b)  -> (artifact id: 'b355c47dc56b4daf37952d2ddb63ab73') in 0.013876 seconds
Number of updated asset objects reloaded before import = 0
Number of asset objects unloaded after import = 3
========================================================================
Received Import Request.
  Time since last request: 0.000027 seconds.
  path: Assets/UI/Login/z1.png
  artifactKey: Guid(c98771b382c34584ba32c8c364cd4682) Importer(815301076,1909f56bfc062723c751e8b465ee728b)
Start importing Assets/UI/Login/z1.png using Guid(c98771b382c34584ba32c8c364cd4682) Importer(815301076,1909f56bfc062723c751e8b465ee728b)  -> (artifact id: '11fcf5e61c9aba423a7ddb2d3245e298') in 0.015045 seconds
Number of updated asset objects reloaded before import = 0
Number of asset objects unloaded after import = 3
========================================================================
Received Import Request.
  Time since last request: 7.293160 seconds.
  path: Assets/UI/RendererTextures/CharacterViewShadow.png
  artifactKey: Guid(765de43ff4095d84da9a19c663d725f4) Importer(815301076,1909f56bfc062723c751e8b465ee728b)
Start importing Assets/UI/RendererTextures/CharacterViewShadow.png using Guid(765de43ff4095d84da9a19c663d725f4) Importer(815301076,1909f56bfc062723c751e8b465ee728b)  -> (artifact id: '41b2c708464f83e34791217d5f9579c8') in 0.011124 seconds
Number of updated asset objects reloaded before import = 0
Number of asset objects unloaded after import = 2
Editor requested this worker to shutdown with reason: Scaling down because of idle timeout
TcpMessagingSession - receive error: operation aborted. errorcode: 995, details: 由于线程退出或应用程序请求，已中止 I/O 操作。
AssetImportWorker is now disconnected from the server
Process exiting
Exiting without the bug reporter. Application will terminate with return code 0